ARM Linker, 5.03 [Build 76] [MDK-ARM Lite]

==============================================================================

Section Cross References

    startup.o(RESET) refers to startup.o(STACK) for StackMem
    startup.o(RESET) refers to time.o(i.Timer0A_Handler) for Timer0A_Handler
    startup.o(RESET) refers to time.o(i.Timer1A_Handler) for Timer1A_Handler
    startup.o(RESET) refers to entry.o(.ARM.Collect$$$$00000000) for __main
    st7735.o(i.Output_Clear) refers to st7735.o(i.ST7735_FillScreen) for ST7735_FillScreen
    st7735.o(i.Output_Color) refers to st7735.o(i.ST7735_SetTextColor) for ST7735_SetTextColor
    st7735.o(i.Output_Init) refers to st7735.o(i.ST7735_InitR) for ST7735_InitR
    st7735.o(i.Output_Init) refers to st7735.o(i.ST7735_FillScreen) for ST7735_FillScreen
    st7735.o(i.Output_Off) refers to st7735.o(i.Output_Clear) for Output_Clear
    st7735.o(i.Output_On) refers to st7735.o(i.Output_Init) for Output_Init
    st7735.o(i.ST7735_DrawBitmap) refers to st7735.o(i.setAddrWindow) for setAddrWindow
    st7735.o(i.ST7735_DrawBitmap) refers to st7735.o(i.writedata) for writedata
    st7735.o(i.ST7735_DrawBitmap) refers to st7735.o(.data) for _width
    st7735.o(i.ST7735_DrawChar) refers to st7735.o(i.setAddrWindow) for setAddrWindow
    st7735.o(i.ST7735_DrawChar) refers to st7735.o(i.pushColor) for pushColor
    st7735.o(i.ST7735_DrawChar) refers to st7735.o(.data) for _width
    st7735.o(i.ST7735_DrawChar) refers to st7735.o(.constdata) for Font
    st7735.o(i.ST7735_DrawCharS) refers to st7735.o(i.ST7735_DrawPixel) for ST7735_DrawPixel
    st7735.o(i.ST7735_DrawCharS) refers to st7735.o(i.ST7735_FillRect) for ST7735_FillRect
    st7735.o(i.ST7735_DrawCharS) refers to st7735.o(.data) for _width
    st7735.o(i.ST7735_DrawCharS) refers to st7735.o(.constdata) for Font
    st7735.o(i.ST7735_DrawFastHLine) refers to st7735.o(i.setAddrWindow) for setAddrWindow
    st7735.o(i.ST7735_DrawFastHLine) refers to st7735.o(i.writedata) for writedata
    st7735.o(i.ST7735_DrawFastHLine) refers to st7735.o(.data) for _width
    st7735.o(i.ST7735_DrawFastVLine) refers to st7735.o(i.setAddrWindow) for setAddrWindow
    st7735.o(i.ST7735_DrawFastVLine) refers to st7735.o(i.writedata) for writedata
    st7735.o(i.ST7735_DrawFastVLine) refers to st7735.o(.data) for _width
    st7735.o(i.ST7735_DrawPixel) refers to st7735.o(i.setAddrWindow) for setAddrWindow
    st7735.o(i.ST7735_DrawPixel) refers to st7735.o(i.pushColor) for pushColor
    st7735.o(i.ST7735_DrawPixel) refers to st7735.o(.data) for _width
    st7735.o(i.ST7735_DrawString) refers to st7735.o(i.ST7735_DrawCharS) for ST7735_DrawCharS
    st7735.o(i.ST7735_FillRect) refers to st7735.o(i.setAddrWindow) for setAddrWindow
    st7735.o(i.ST7735_FillRect) refers to st7735.o(i.writedata) for writedata
    st7735.o(i.ST7735_FillRect) refers to st7735.o(.data) for _width
    st7735.o(i.ST7735_FillScreen) refers to st7735.o(i.ST7735_FillRect) for ST7735_FillRect
    st7735.o(i.ST7735_FillScreen) refers to st7735.o(.data) for _height
    st7735.o(i.ST7735_InitB) refers to st7735.o(i.commonInit) for commonInit
    st7735.o(i.ST7735_InitB) refers to st7735.o(i.ST7735_SetCursor) for ST7735_SetCursor
    st7735.o(i.ST7735_InitB) refers to st7735.o(i.ST7735_FillScreen) for ST7735_FillScreen
    st7735.o(i.ST7735_InitB) refers to st7735.o(.constdata) for Bcmd
    st7735.o(i.ST7735_InitB) refers to st7735.o(.data) for StTextColor
    st7735.o(i.ST7735_InitR) refers to st7735.o(i.commonInit) for commonInit
    st7735.o(i.ST7735_InitR) refers to st7735.o(i.commandList) for commandList
    st7735.o(i.ST7735_InitR) refers to st7735.o(i.writecommand) for writecommand
    st7735.o(i.ST7735_InitR) refers to st7735.o(i.writedata) for writedata
    st7735.o(i.ST7735_InitR) refers to st7735.o(i.ST7735_SetCursor) for ST7735_SetCursor
    st7735.o(i.ST7735_InitR) refers to st7735.o(i.ST7735_FillScreen) for ST7735_FillScreen
    st7735.o(i.ST7735_InitR) refers to st7735.o(.constdata) for Rcmd1
    st7735.o(i.ST7735_InitR) refers to st7735.o(.data) for ColStart
    st7735.o(i.ST7735_InvertDisplay) refers to st7735.o(i.writecommand) for writecommand
    st7735.o(i.ST7735_OutChar) refers to st7735.o(i.ST7735_DrawString) for ST7735_DrawString
    st7735.o(i.ST7735_OutChar) refers to st7735.o(i.ST7735_DrawCharS) for ST7735_DrawCharS
    st7735.o(i.ST7735_OutChar) refers to st7735.o(.data) for StY
    st7735.o(i.ST7735_OutString) refers to st7735.o(i.ST7735_OutChar) for ST7735_OutChar
    st7735.o(i.ST7735_OutUDec) refers to st7735.o(i.fillmessage) for fillmessage
    st7735.o(i.ST7735_OutUDec) refers to st7735.o(i.ST7735_DrawString) for ST7735_DrawString
    st7735.o(i.ST7735_OutUDec) refers to st7735.o(i.ST7735_DrawCharS) for ST7735_DrawCharS
    st7735.o(i.ST7735_OutUDec) refers to st7735.o(.data) for Messageindex
    st7735.o(i.ST7735_OutUDec) refers to st7735.o(.bss) for Message
[...]
    st7735.o(i.commonInit) refers to st7735.o(.data) for RowStart
    st7735.o(i.fillmessage) refers to st7735.o(.bss) for Message
    st7735.o(i.fillmessage) refers to st7735.o(.data) for Messageindex
    st7735.o(i.fputc) refers to st7735.o(i.ST7735_OutChar) for ST7735_OutChar
    st7735.o(i.pushColor) refers to st7735.o(i.writedata) for writedata
    st7735.o(i.setAddrWindow) refers to st7735.o(i.writecommand) for writecommand
    st7735.o(i.setAddrWindow) refers to st7735.o(i.writedata) for writedata
    st7735.o(i.setAddrWindow) refers to st7735.o(.data) for ColStart
    fixed.o(i.ST7735_XYplot) refers to st7735.o(i.ST7735_Color565) for ST7735_Color565
    fixed.o(i.ST7735_XYplot) refers to st7735.o(i.ST7735_DrawPixel) for ST7735_DrawPixel
    fixed.o(i.ST7735_XYplot) refers to fixed.o(.data) for Ymx
    fixed.o(i.ST7735_XYplotInit) refers to st7735.o(i.ST7735_InitR) for ST7735_InitR
    fixed.o(i.ST7735_XYplotInit) refers to fixed.o(.data) for Yrnge
    fixed.o(i.ST7735_sDecOut3) refers to st7735.o(i.ST7735_OutString) for ST7735_OutString
    fixed.o(i.ST7735_uBinOut8) refers to st7735.o(i.ST7735_OutString) for ST7735_OutString
    speaker.o(i.Sound_Init) refers to speaker.o(i.PWM0A_Init) for PWM0A_Init
    speaker.o(i.Sound_Play) refers to speaker.o(i.Sound_On) for Sound_On
    speaker.o(i.Sound_Play) refers to speaker.o(i.Sound_Off) for Sound_Off
    switch.o(i.Buttons_Handler) refers to switch.o(i.Buttons_Input) for Buttons_Input
    switch.o(i.Buttons_Handler) refers to switch.o(i.Buttons_Pressed) for Buttons_Pressed
    switch.o(i.Buttons_Handler) refers to switch.o(.bss) for debounce
    switch.o(i.Buttons_Init) refers to time.o(i.Timer1_Init) for Timer1_Init
    switch.o(i.Buttons_Input) refers to switch.o(.bss) for debounce
    main.o(i.BookExamples) refers to printfa.o(i.__0printf) for __2printf
    main.o(i.BookExamples) refers to f2d.o(.text) for __aeabi_f2d
    main.o(i.Pause) refers to main.o(i.DelayWait10ms) for DelayWait10ms
    main.o(i.ST7735_Line) refers to st7735.o(i.ST7735_DrawPixel) for ST7735_DrawPixel
    main.o(i.main) refers to pll.o(i.PLL_Init) for PLL_Init
    main.o(i.main) refers to main.o(i.PortF_Init) for PortF_Init
    main.o(i.main) refers to st7735.o(i.ST7735_InitR) for ST7735_InitR
    main.o(i.main) refers to st7735.o(i.ST7735_FillScreen) for ST7735_FillScreen
    main.o(i.main) refers to st7735.o(i.ST7735_SetCursor) for ST7735_SetCursor
    main.o(i.main) refers to time.o(i.Timer0A_Init1HzInt) for Timer0A_Init1HzInt
    main.o(i.main) refers to graphics.o(i.DrawClockInit) for DrawClockInit
    main.o(i.main) refers to startup.o(.text) for EnableInterrupts
    main.o(i.main) refers to time.o(i.whattime) for whattime
    main.o(i.main) refers to dflti.o(.text) for __aeabi_i2d
    main.o(i.main) refers to floor.o(i.floor) for floor
    main.o(i.main) refers to dfixi.o(.text) for __aeabi_d2iz
    main.o(i.main) refers to graphics.o(i.day) for day
    main.o(i.main) refers to graphics.o(i.night) for night
    main.o(i.main) refers to graphics.o(i.DrawHour) for DrawHour
    main.o(i.main) refers to graphics.o(i.DrawMinute) for DrawMinute
    main.o(i.main) refers to graphics.o(i.DrawSecond) for DrawSecond
    main.o(i.main) refers to graphics.o(i.DigitalInit) for DigitalInit
    main.o(i.main) refers to graphics.o(i.DigitalHour) for DigitalHour
    main.o(i.main) refers to graphics.o(i.DigitalMinute) for DigitalMinute
    main.o(i.main) refers to graphics.o(i.DigitalSecond) for DigitalSecond
    main.o(i.main0) refers to pll.o(i.PLL_Init) for PLL_Init
    main.o(i.main0) refers to st7735.o(i.Output_Init) for Output_Init
    main.o(i.main0) refers to printfa.o(i.__0printf) for __2printf
    main.o(i.main1) refers to pll.o(i.PLL_Init) for PLL_Init
    main.o(i.main1) refers to st7735.o(i.ST7735_InitR) for ST7735_InitR
    main.o(i.main1) refers to st7735.o(i.ST7735_OutString) for ST7735_OutString
    main.o(i.main1) refers to st7735.o(i.ST7735_PlotClear) for ST7735_PlotClear
    main.o(i.main1) refers to st7735.o(i.ST7735_PlotPoints) for ST7735_PlotPoints
    main.o(i.main1) refers to st7735.o(i.ST7735_PlotNext) for ST7735_PlotNext
    main.o(i.main4) refers to main.o(i.SSR_Init) for SSR_Init
    main.o(i.main4) refers to st7735.o(i.Delay1ms) for Delay1ms
    main.o(i.main41) refers to main.o(i.PortF_Init) for PortF_Init
    main.o(i.main41) refers to main.o(i.DelayWait10ms) for DelayWait10ms
    main.o(i.main5) refers to main.o(i.SSR_Init) for SSR_Init
    main.o(i.main5) refers to main.o(i.DelayWait10ms) for DelayWait10ms
    main.o(i.main51) refers to main.o(i.PortF_Init) for PortF_Init
    main.o(i.main51) refers to main.o(i.DelayWait10ms) for DelayWait10ms
    main.o(i.main6) refers to st7735.o(i.Output_Init) for Output_Init
    main.o(i.main6) refers to st7735.o(i.Output_Color) for Output_Color
    main.o(i.main6) refers to main.o(i.BookExamples) for BookExamples
    main.o(i.main6) refers to printfa.o(i.__0printf) for __2printf
    graphics.o(i.DigitalHour) refers to st7735.o(i.ST7735_DrawCharS) for ST7735_DrawCharS
    graphics.o(i.DigitalInit) refers to st7735.o(i.ST7735_DrawCharS) for ST7735_DrawCharS
    graphics.o(i.DigitalMinute) refers to st7735.o(i.ST7735_DrawCharS) for ST7735_DrawCharS
    graphics.o(i.DrawBackground) refers to st7735.o(i.ST7735_DrawBitmap) for ST7735_DrawBitmap
    graphics.o(i.DrawBackground) refers to st7735.o(i.ST7735_DrawCharS) for ST7735_DrawCharS
    graphics.o(i.DrawBackground) refers to graphics.o(.constdata) for background
    graphics.o(i.DrawClockInit) refers to st7735.o(i.ST7735_DrawCharS) for ST7735_DrawCharS
    graphics.o(i.DrawClockInit) refers to cos.o(i.cos) for cos
    graphics.o(i.DrawClockInit) refers to dflti.o(.text) for __aeabi_i2d
    graphics.o(i.DrawClockInit) refers to dmul.o(.text) for __aeabi_dmul
    graphics.o(i.DrawClockInit) refers to dadd.o(.text) for __aeabi_dadd
    graphics.o(i.DrawClockInit) refers to dfixi.o(.text) for __aeabi_d2iz
    graphics.o(i.DrawClockInit) refers to sin.o(i.sin) for sin
    graphics.o(i.DrawClockInit) refers to st7735.o(i.ST7735_DrawPixel) for ST7735_DrawPixel
    graphics.o(i.DrawHour) refers to dflti.o(.text) for __aeabi_i2d
    graphics.o(i.DrawHour) refers to dmul.o(.text) for __aeabi_dmul
    graphics.o(i.DrawHour) refers to ddiv.o(.text) for __aeabi_ddiv
    graphics.o(i.DrawHour) refers to dadd.o(.text) for __aeabi_drsub
    graphics.o(i.DrawHour) refers to cos.o(i.cos) for cos
    graphics.o(i.DrawHour) refers to dfixi.o(.text) for __aeabi_d2iz
    graphics.o(i.DrawHour) refers to sin.o(i.sin) for sin
    graphics.o(i.DrawHour) refers to st7735.o(i.ST7735_DrawPixel) for ST7735_DrawPixel
    graphics.o(i.DrawHour) refers to graphics.o(.data) for lHR
    graphics.o(i.DrawMinute) refers to dflti.o(.text) for __aeabi_i2d
    graphics.o(i.DrawMinute) refers to dmul.o(.text) for __aeabi_dmul
    graphics.o(i.DrawMinute) refers to ddiv.o(.text) for __aeabi_ddiv
    graphics.o(i.DrawMinute) refers to dadd.o(.text) for __aeabi_drsub
    graphics.o(i.DrawMinute) refers to cos.o(i.cos) for cos
    graphics.o(i.DrawMinute) refers to dfixi.o(.text) for __aeabi_d2iz
    graphics.o(i.DrawMinute) refers to sin.o(i.sin) for sin
    graphics.o(i.DrawMinute) refers to st7735.o(i.ST7735_DrawPixel) for ST7735_DrawPixel
    graphics.o(i.DrawMinute) refers to graphics.o(.data) for lMIN
    graphics.o(i.DrawSecond) refers to dflti.o(.text) for __aeabi_i2d
    graphics.o(i.DrawSecond) refers to dmul.o(.text) for __aeabi_dmul
    graphics.o(i.DrawSecond) refers to ddiv.o(.text) for __aeabi_ddiv
    graphics.o(i.DrawSecond) refers to dadd.o(.text) for __aeabi_drsub
    graphics.o(i.DrawSecond) refers to cos.o(i.cos) for cos
    graphics.o(i.DrawSecond) refers to dfixi.o(.text) for __aeabi_d2iz
    graphics.o(i.DrawSecond) refers to sin.o(i.sin) for sin
    graphics.o(i.DrawSecond) refers to st7735.o(i.ST7735_DrawPixel) for ST7735_DrawPixel
    graphics.o(i.DrawSecond) refers to graphics.o(.data) for lSEC
    graphics.o(i.day) refers to st7735.o(i.ST7735_DrawCharS) for ST7735_DrawCharS
    graphics.o(i.night) refers to st7735.o(i.ST7735_DrawCharS) for ST7735_DrawCharS
    time.o(i.SysTick_Init) refers to startup.o(.text) for StartCritical
    time.o(i.Timer0A_Handler) refers to time.o(.data) for count
    time.o(i.Timer0A_Init1HzInt) refers to startup.o(.text) for DisableInterrupts
    time.o(i.Timer1A_Handler) refers to switch.o(i.Buttons_Handler) for Buttons_Handler
    time.o(i.whattime) refers to time.o(.data) for count
    cos.o(i.__softfp_cos) refers (Special) to iusefp.o(.text) for __I$use$fp
    cos.o(i.__softfp_cos) refers to cos.o(i.cos) for cos
    cos.o(i.cos) refers (Special) to iusefp.o(.text) for __I$use$fp
    cos.o(i.cos) refers to errno.o(i.__set_errno) for __set_errno
    cos.o(i.cos) refers to ddiv.o(.text) for __aeabi_ddiv
    cos.o(i.cos) refers to dscalb.o(.text) for __ARM_scalbn
    cos.o(i.cos) refers to rred.o(i.__ieee754_rem_pio2) for __ieee754_rem_pio2
    cos.o(i.cos) refers to sin_i.o(i.__kernel_sin) for __kernel_sin
    cos.o(i.cos) refers to cos_i.o(i.__kernel_cos) for __kernel_cos
    cos_x.o(i.____softfp_cos$lsc) refers (Special) to iusefp.o(.text) for __I$use$fp
    cos_x.o(i.____softfp_cos$lsc) refers to cos_x.o(i.__cos$lsc) for __cos$lsc
    cos_x.o(i.__cos$lsc) refers (Special) to iusefp.o(.text) for __I$use$fp
    cos_x.o(i.__cos$lsc) refers to errno.o(i.__set_errno) for __set_errno
    cos_x.o(i.__cos$lsc) refers to dscalb.o(.text) for __ARM_scalbn
    cos_x.o(i.__cos$lsc) refers to rred.o(i.__ieee754_rem_pio2) for __ieee754_rem_pio2
    cos_x.o(i.__cos$lsc) refers to sin_i.o(i.__kernel_sin) for __kernel_sin
    cos_x.o(i.__cos$lsc) refers to cos_i.o(i.__kernel_cos) for __kernel_cos
    floor.o(i.__softfp_floor) refers (Special) to iusefp.o(.text) for __I$use$fp
    floor.o(i.__softfp_floor) refers to floor.o(i.floor) for floor
    floor.o(i.floor) refers (Special) to iusefp.o(.text) for __I$use$fp
    floor.o(i.floor) refers to dadd.o(.text) for __aeabi_dadd
    floor.o(i.floor) refers to cdrcmple.o(.text) for __aeabi_cdrcmple
    sin.o(i.__softfp_sin) refers (Special) to iusefp.o(.text) for __I$use$fp
    sin.o(i.__softfp_sin) refers to sin.o(i.sin) for sin
    sin.o(i.sin) refers (Special) to iusefp.o(.text) for __I$use$fp
    sin.o(i.sin) refers to errno.o(i.__set_errno) for __set_errno
    sin.o(i.sin) refers to ddiv.o(.text) for __aeabi_ddiv
    sin.o(i.sin) refers to dscalb.o(.text) for __ARM_scalbn
    sin.o(i.sin) refers to rred.o(i.__ieee754_rem_pio2) for __ieee754_rem_pio2
    sin.o(i.sin) refers to cos_i.o(i.__kernel_cos) for __kernel_cos
    sin.o(i.sin) refers to sin_i.o(i.__kernel_sin) for __kernel_sin
    sin_x.o(i.____softfp_sin$lsc) refers (Special) to iusefp.o(.text) for __I$use$fp
    sin_x.o(i.____softfp_sin$lsc) refers to sin_x.o(i.__sin$lsc) for __sin$lsc
    sin_x.o(i.__sin$lsc) refers (Special) to iusefp.o(.text) for __I$use$fp
    sin_x.o(i.__sin$lsc) refers to errno.o(i.__set_errno) for __set_errno
    sin_x.o(i.__sin$lsc) refers to dscalb.o(.text) for __ARM_scalbn
    sin_x.o(i.__sin$lsc) refers to rred.o(i.__ieee754_rem_pio2) for __ieee754_rem_pio2
    sin_x.o(i.__sin$lsc) refers to cos_i.o(i.__kernel_cos) for __kernel_cos
    sin_x.o(i.__sin$lsc) refers to sin_i.o(i.__kernel_sin) for __kernel_sin
    entry.o(.ARM.Collect$$$$00000000) refers (Special) to entry10a.o(.ARM.Collect$$$$0000000D) for __rt_final_cpp
    entry.o(.ARM.Collect$$$$00000000) refers (Special) to entry11a.o(.ARM.Collect$$$$0000000F) for __rt_final_exit
    entry.o(.ARM.Collect$$$$00000000) refers (Special) to entry7b.o(.ARM.Collect$$$$00000008) for _main_clock
    entry.o(.ARM.Collect$$$$00000000) refers (Special) to entry8b.o(.ARM.Collect$$$$0000000A) for _main_cpp_init
    entry.o(.ARM.Collect$$$$00000000) refers (Special) to entry9a.o(.ARM.Collect$$$$0000000B) for _main_init
    entry.o(.ARM.Collect$$$$00000000) refers (Special) to entry5.o(.ARM.Collect$$$$00000004) for _main_scatterload
    entry.o(.ARM.Collect$$$$00000000) refers (Special) to entry2.o(.ARM.Collect$$$$00000001) for _main_stk
    printfb.o(i.__0fprintf$bare) refers to printfb.o(i._printf_core) for _printf_core
    printfb.o(i.__0fprintf$bare) refers to st7735.o(i.fputc) for fputc
    printfb.o(i.__0printf$bare) refers to printfb.o(i._printf_core) for _printf_core
    printfb.o(i.__0printf$bare) refers to st7735.o(i.fputc) for fputc
    printfb.o(i.__0printf$bare) refers to stdout.o(.data) for __stdout
    printfb.o(i.__0snprintf$bare) refers to printfb.o(i._printf_core) for _printf_core
    printfb.o(i.__0snprintf$bare) refers to printfb.o(i._snputc) for _snputc
    printfb.o(i.__0sprintf$bare) refers to printfb.o(i._printf_core) for _printf_core
    printfb.o(i.__0sprintf$bare) refers to printfb.o(i._sputc) for _sputc
    printfb.o(i.__0vfprintf$bare) refers to printfb.o(i._printf_core) for _printf_core
    printfb.o(i.__0vfprintf$bare) refers to st7735.o(i.fputc) for fputc
    printfb.o(i.__0vprintf$bare) refers to printfb.o(i._printf_core) for _printf_core
    printfb.o(i.__0vprintf$bare) refers to st7735.o(i.fputc) for fputc
    printfb.o(i.__0vprintf$bare) refers to stdout.o(.data) for __stdout
    printfb.o(i.__0vsnprintf$bare) refers to printfb.o(i._printf_core) for _printf_core
    printfb.o(i.__0vsnprintf$bare) refers to printfb.o(i._snputc) for _snputc
    printfb.o(i.__0vsprintf$bare) refers to printfb.o(i._printf_core) for _printf_core
    printfb.o(i.__0vsprintf$bare) refers to printfb.o(i._sputc) for _sputc
    printf0.o(i.__0fprintf$0) refers to printf0.o(i._printf_core) for _printf_core
    printf0.o(i.__0fprintf$0) refers to st7735.o(i.fputc) for fputc
    printf0.o(i.__0printf$0) refers to printf0.o(i._printf_core) for _printf_core
    printf0.o(i.__0printf$0) refers to st7735.o(i.fputc) for fputc
    printf0.o(i.__0printf$0) refers to stdout.o(.data) for __stdout
    printf0.o(i.__0snprintf$0) refers to printf0.o(i._printf_core) for _printf_core
    printf0.o(i.__0snprintf$0) refers to printf0.o(i._snputc) for _snputc
    printf0.o(i.__0sprintf$0) refers to printf0.o(i._printf_core) for _printf_core
    printf0.o(i.__0sprintf$0) refers to printf0.o(i._sputc) for _sputc
    printf0.o(i.__0vfprintf$0) refers to printf0.o(i._printf_core) for _printf_core
    printf0.o(i.__0vfprintf$0) refers to st7735.o(i.fputc) for fputc
    printf0.o(i.__0vprintf$0) refers to printf0.o(i._printf_core) for _printf_core
    printf0.o(i.__0vprintf$0) refers to st7735.o(i.fputc) for fputc
    printf0.o(i.__0vprintf$0) refers to stdout.o(.data) for __stdout
    printf0.o(i.__0vsnprintf$0) refers to printf0.o(i._printf_core) for _printf_core
    printf0.o(i.__0vsnprintf$0) refers to printf0.o(i._snputc) for _snputc
    printf0.o(i.__0vsprintf$0) refers to printf0.o(i._printf_core) for _printf_core
    printf0.o(i.__0vsprintf$0) refers to printf0.o(i._sputc) for _sputc
    printf1.o(i.__0fprintf$1) refers to printf1.o(i._printf_core) for _printf_core
    printf1.o(i.__0fprintf$1) refers to st7735.o(i.fputc) for fputc
    printf1.o(i.__0printf$1) refers to printf1.o(i._printf_core) for _printf_core
    printf1.o(i.__0printf$1) refers to st7735.o(i.fputc) for fputc
    printf1.o(i.__0printf$1) refers to stdout.o(.data) for __stdout
    printf1.o(i.__0snprintf$1) refers to printf1.o(i._printf_core) for _printf_core
    printf1.o(i.__0snprintf$1) refers to printf1.o(i._snputc) for _snputc
    printf1.o(i.__0sprintf$1) refers to printf1.o(i._printf_core) for _printf_core
    printf1.o(i.__0sprintf$1) refers to printf1.o(i._sputc) for _sputc
    printf1.o(i.__0vfprintf$1) refers to printf1.o(i._printf_core) for _printf_core
    printf1.o(i.__0vfprintf$1) refers to st7735.o(i.fputc) for fputc
    printf1.o(i.__0vprintf$1) refers to printf1.o(i._printf_core) for _printf_core
    printf1.o(i.__0vprintf$1) refers to st7735.o(i.fputc) for fputc
    printf1.o(i.__0vprintf$1) refers to stdout.o(.data) for __stdout
    printf1.o(i.__0vsnprintf$1) refers to printf1.o(i._printf_core) for _printf_core
    printf1.o(i.__0vsnprintf$1) refers to printf1.o(i._snputc) for _snputc
    printf1.o(i.__0vsprintf$1) refers to printf1.o(i._printf_core) for _printf_core
    printf1.o(i.__0vsprintf$1) refers to printf1.o(i._sputc) for _sputc
    printf1.o(i._printf_core) refers to uidiv.o(.text) for __aeabi_uidivmod
    printf2.o(i.__0fprintf$2) refers to printf2.o(i._printf_core) for _printf_core
    printf2.o(i.__0fprintf$2) refers to st7735.o(i.fputc) for fputc
    printf2.o(i.__0printf$2) refers to printf2.o(i._printf_core) for _printf_core
    printf2.o(i.__0printf$2) refers to st7735.o(i.fputc) for fputc
    printf2.o(i.__0printf$2) refers to stdout.o(.data) for __stdout
    printf2.o(i.__0snprintf$2) refers to printf2.o(i._printf_core) for _printf_core
    printf2.o(i.__0snprintf$2) refers to printf2.o(i._snputc) for _snputc
    printf2.o(i.__0sprintf$2) refers to printf2.o(i._printf_core) for _printf_core
    printf2.o(i.__0sprintf$2) refers to printf2.o(i._sputc) for _sputc
    printf2.o(i.__0vfprintf$2) refers to printf2.o(i._printf_core) for _printf_core
    printf2.o(i.__0vfprintf$2) refers to st7735.o(i.fputc) for fputc
    printf2.o(i.__0vprintf$2) refers to printf2.o(i._printf_core) for _printf_core
    printf2.o(i.__0vprintf$2) refers to st7735.o(i.fputc) for fputc
    printf2.o(i.__0vprintf$2) refers to stdout.o(.data) for __stdout
    printf2.o(i.__0vsnprintf$2) refers to printf2.o(i._printf_core) for _printf_core
    printf2.o(i.__0vsnprintf$2) refers to printf2.o(i._snputc) for _snputc
    printf2.o(i.__0vsprintf$2) refers to printf2.o(i._printf_core) for _printf_core
    printf2.o(i.__0vsprintf$2) refers to printf2.o(i._sputc) for _sputc
    printf3.o(i.__0fprintf$3) refers to printf3.o(i._printf_core) for _printf_core
    printf3.o(i.__0fprintf$3) refers to st7735.o(i.fputc) for fputc
    printf3.o(i.__0printf$3) refers to printf3.o(i._printf_core) for _printf_core
    printf3.o(i.__0printf$3) refers to st7735.o(i.fputc) for fputc
    printf3.o(i.__0printf$3) refers to stdout.o(.data) for __stdout
    printf3.o(i.__0snprintf$3) refers to printf3.o(i._printf_core) for _printf_core
    printf3.o(i.__0snprintf$3) refers to printf3.o(i._snputc) for _snputc
    printf3.o(i.__0sprintf$3) refers to printf3.o(i._printf_core) for _printf_core
    printf3.o(i.__0sprintf$3) refers to printf3.o(i._sputc) for _sputc
    printf3.o(i.__0vfprintf$3) refers to printf3.o(i._printf_core) for _printf_core
    printf3.o(i.__0vfprintf$3) refers to st7735.o(i.fputc) for fputc
    printf3.o(i.__0vprintf$3) refers to printf3.o(i._printf_core) for _printf_core
    printf3.o(i.__0vprintf$3) refers to st7735.o(i.fputc) for fputc
    printf3.o(i.__0vprintf$3) refers to stdout.o(.data) for __stdout
    printf3.o(i.__0vsnprintf$3) refers to printf3.o(i._printf_core) for _printf_core
    printf3.o(i.__0vsnprintf$3) refers to printf3.o(i._snputc) for _snputc
    printf3.o(i.__0vsprintf$3) refers to printf3.o(i._printf_core) for _printf_core
    printf3.o(i.__0vsprintf$3) refers to printf3.o(i._sputc) for _sputc
    printf3.o(i._printf_core) refers to uidiv.o(.text) for __aeabi_uidivmod
    printf4.o(i.__0fprintf$4) refers to printf4.o(i._printf_core) for _printf_core
    printf4.o(i.__0fprintf$4) refers to st7735.o(i.fputc) for fputc
    printf4.o(i.__0printf$4) refers to printf4.o(i._printf_core) for _printf_core
    printf4.o(i.__0printf$4) refers to st7735.o(i.fputc) for fputc
    printf4.o(i.__0printf$4) refers to stdout.o(.data) for __stdout
    printf4.o(i.__0snprintf$4) refers to printf4.o(i._printf_core) for _printf_core
    printf4.o(i.__0snprintf$4) refers to printf4.o(i._snputc) for _snputc
    printf4.o(i.__0sprintf$4) refers to printf4.o(i._printf_core) for _printf_core
    printf4.o(i.__0sprintf$4) refers to printf4.o(i._sputc) for _sputc
    printf4.o(i.__0vfprintf$4) refers to printf4.o(i._printf_core) for _printf_core
    printf4.o(i.__0vfprintf$4) refers to st7735.o(i.fputc) for fputc
    printf4.o(i.__0vprintf$4) refers to printf4.o(i._printf_core) for _printf_core
    printf4.o(i.__0vprintf$4) refers to st7735.o(i.fputc) for fputc
    printf4.o(i.__0vprintf$4) refers to stdout.o(.data) for __stdout
    printf4.o(i.__0vsnprintf$4) refers to printf4.o(i._printf_core) for _printf_core
    printf4.o(i.__0vsnprintf$4) refers to printf4.o(i._snputc) for _snputc
    printf4.o(i.__0vsprintf$4) refers to printf4.o(i._printf_core) for _printf_core
    printf4.o(i.__0vsprintf$4) refers to printf4.o(i._sputc) for _sputc
    printf4.o(i._printf_core) refers to uldiv.o(.text) for __aeabi_uldivmod
    printf5.o(i.__0fprintf$5) refers to printf5.o(i._printf_core) for _printf_core
    printf5.o(i.__0fprintf$5) refers to st7735.o(i.fputc) for fputc
    printf5.o(i.__0printf$5) refers to printf5.o(i._printf_core) for _printf_core
    printf5.o(i.__0printf$5) refers to st7735.o(i.fputc) for fputc
    printf5.o(i.__0printf$5) refers to stdout.o(.data) for __stdout
    printf5.o(i.__0snprintf$5) refers to printf5.o(i._printf_core) for _printf_core
    printf5.o(i.__0snprintf$5) refers to printf5.o(i._snputc) for _snputc
    printf5.o(i.__0sprintf$5) refers to printf5.o(i._printf_core) for _printf_core
    printf5.o(i.__0sprintf$5) refers to printf5.o(i._sputc) for _sputc
    printf5.o(i.__0vfprintf$5) refers to printf5.o(i._printf_core) for _printf_core
    printf5.o(i.__0vfprintf$5) refers to st7735.o(i.fputc) for fputc
    printf5.o(i.__0vprintf$5) refers to printf5.o(i._printf_core) for _printf_core
    printf5.o(i.__0vprintf$5) refers to st7735.o(i.fputc) for fputc
    printf5.o(i.__0vprintf$5) refers to stdout.o(.data) for __stdout
    printf5.o(i.__0vsnprintf$5) refers to printf5.o(i._printf_core) for _printf_core
    printf5.o(i.__0vsnprintf$5) refers to printf5.o(i._snputc) for _snputc
    printf5.o(i.__0vsprintf$5) refers to printf5.o(i._printf_core) for _printf_core
    printf5.o(i.__0vsprintf$5) refers to printf5.o(i._sputc) for _sputc
    printf5.o(i._printf_core) refers to uldiv.o(.text) for __aeabi_uldivmod
    printf6.o(i.__0fprintf$6) refers to printf6.o(i._printf_core) for _printf_core
    printf6.o(i.__0fprintf$6) refers to st7735.o(i.fputc) for fputc
    printf6.o(i.__0printf$6) refers to printf6.o(i._printf_core) for _printf_core
    printf6.o(i.__0printf$6) refers to st7735.o(i.fputc) for fputc
    printf6.o(i.__0printf$6) refers to stdout.o(.data) for __stdout
    printf6.o(i.__0snprintf$6) refers to printf6.o(i._printf_core) for _printf_core
    printf6.o(i.__0snprintf$6) refers to printf6.o(i._snputc) for _snputc
    printf6.o(i.__0sprintf$6) refers to printf6.o(i._printf_core) for _printf_core
    printf6.o(i.__0sprintf$6) refers to printf6.o(i._sputc) for _sputc
    printf6.o(i.__0vfprintf$6) refers to printf6.o(i._printf_core) for _printf_core
    printf6.o(i.__0vfprintf$6) refers to st7735.o(i.fputc) for fputc
    printf6.o(i.__0vprintf$6) refers to printf6.o(i._printf_core) for _printf_core
    printf6.o(i.__0vprintf$6) refers to st7735.o(i.fputc) for fputc
    printf6.o(i.__0vprintf$6) refers to stdout.o(.data) for __stdout
    printf6.o(i.__0vsnprintf$6) refers to printf6.o(i._printf_core) for _printf_core
    printf6.o(i.__0vsnprintf$6) refers to printf6.o(i._snputc) for _snputc
    printf6.o(i.__0vsprintf$6) refers to printf6.o(i._printf_core) for _printf_core
    printf6.o(i.__0vsprintf$6) refers to printf6.o(i._sputc) for _sputc
    printf6.o(i._printf_core) refers to printf6.o(i._printf_pre_padding) for _printf_pre_padding
    printf6.o(i._printf_core) refers to uidiv.o(.text) for __aeabi_uidivmod
    printf6.o(i._printf_core) refers to printf6.o(i._printf_post_padding) for _printf_post_padding
    printf7.o(i.__0fprintf$7) refers to printf7.o(i._printf_core) for _printf_core
    printf7.o(i.__0fprintf$7) refers to st7735.o(i.fputc) for fputc
    printf7.o(i.__0printf$7) refers to printf7.o(i._printf_core) for _printf_core
    printf7.o(i.__0printf$7) refers to st7735.o(i.fputc) for fputc
    printf7.o(i.__0printf$7) refers to stdout.o(.data) for __stdout
    printf7.o(i.__0snprintf$7) refers to printf7.o(i._printf_core) for _printf_core
    printf7.o(i.__0snprintf$7) refers to printf7.o(i._snputc) for _snputc
    printf7.o(i.__0sprintf$7) refers to printf7.o(i._printf_core) for _printf_core
    printf7.o(i.__0sprintf$7) refers to printf7.o(i._sputc) for _sputc
    printf7.o(i.__0vfprintf$7) refers to printf7.o(i._printf_core) for _printf_core
    printf7.o(i.__0vfprintf$7) refers to st7735.o(i.fputc) for fputc
    printf7.o(i.__0vprintf$7) refers to printf7.o(i._printf_core) for _printf_core
    printf7.o(i.__0vprintf$7) refers to st7735.o(i.fputc) for fputc
    printf7.o(i.__0vprintf$7) refers to stdout.o(.data) for __stdout
    printf7.o(i.__0vsnprintf$7) refers to printf7.o(i._printf_core) for _printf_core
    printf7.o(i.__0vsnprintf$7) refers to printf7.o(i._snputc) for _snputc
    printf7.o(i.__0vsprintf$7) refers to printf7.o(i._printf_core) for _printf_core
    printf7.o(i.__0vsprintf$7) refers to printf7.o(i._sputc) for _sputc
    printf7.o(i._printf_core) refers to printf7.o(i._printf_pre_padding) for _printf_pre_padding
    printf7.o(i._printf_core) refers to uldiv.o(.text) for __aeabi_uldivmod
    printf7.o(i._printf_core) refers to printf7.o(i._printf_post_padding) for _printf_post_padding
    printf8.o(i.__0fprintf$8) refers to printf8.o(i._printf_core) for _printf_core
    printf8.o(i.__0fprintf$8) refers to st7735.o(i.fputc) for fputc
    printf8.o(i.__0printf$8) refers to printf8.o(i._printf_core) for _printf_core
    printf8.o(i.__0printf$8) refers to st7735.o(i.fputc) for fputc
    printf8.o(i.__0printf$8) refers to stdout.o(.data) for __stdout
    printf8.o(i.__0snprintf$8) refers to printf8.o(i._printf_core) for _printf_core
    printf8.o(i.__0snprintf$8) refers to printf8.o(i._snputc) for _snputc
    printf8.o(i.__0sprintf$8) refers to printf8.o(i._printf_core) for _printf_core
    printf8.o(i.__0sprintf$8) refers to printf8.o(i._sputc) for _sputc
    printf8.o(i.__0vfprintf$8) refers to printf8.o(i._printf_core) for _printf_core
    printf8.o(i.__0vfprintf$8) refers to st7735.o(i.fputc) for fputc
    printf8.o(i.__0vprintf$8) refers to printf8.o(i._printf_core) for _printf_core
    printf8.o(i.__0vprintf$8) refers to st7735.o(i.fputc) for fputc
    printf8.o(i.__0vprintf$8) refers to stdout.o(.data) for __stdout
    printf8.o(i.__0vsnprintf$8) refers to printf8.o(i._printf_core) for _printf_core
    printf8.o(i.__0vsnprintf$8) refers to printf8.o(i._snputc) for _snputc
    printf8.o(i.__0vsprintf$8) refers to printf8.o(i._printf_core) for _printf_core
    printf8.o(i.__0vsprintf$8) refers to printf8.o(i._sputc) for _sputc
    printf8.o(i._printf_core) refers to printf8.o(i._printf_pre_padding) for _printf_pre_padding
    printf8.o(i._printf_core) refers to uldiv.o(.text) for __aeabi_uldivmod
    printf8.o(i._printf_core) refers to printf8.o(i._printf_post_padding) for _printf_post_padding
    printfa.o(i.__0fprintf) refers (Special) to iusefp.o(.text) for __I$use$fp
    printfa.o(i.__0fprintf) refers to printfa.o(i._printf_core) for _printf_core
    printfa.o(i.__0fprintf) refers to st7735.o(i.fputc) for fputc
    printfa.o(i.__0printf) refers (Special) to iusefp.o(.text) for __I$use$fp
    printfa.o(i.__0printf) refers to printfa.o(i._printf_core) for _printf_core
    printfa.o(i.__0printf) refers to st7735.o(i.fputc) for fputc
    printfa.o(i.__0printf) refers to stdout.o(.data) for __stdout
    printfa.o(i.__0snprintf) refers (Special) to iusefp.o(.text) for __I$use$fp
    printfa.o(i.__0snprintf) refers to printfa.o(i._printf_core) for _printf_core
    printfa.o(i.__0snprintf) refers to printfa.o(i._snputc) for _snputc
    printfa.o(i.__0sprintf) refers (Special) to iusefp.o(.text) for __I$use$fp
    printfa.o(i.__0sprintf) refers to printfa.o(i._printf_core) for _printf_core
    printfa.o(i.__0sprintf) refers to printfa.o(i._sputc) for _sputc
    printfa.o(i.__0vfprintf) refers (Special) to iusefp.o(.text) for __I$use$fp
    printfa.o(i.__0vfprintf) refers to printfa.o(i._printf_core) for _printf_core
    printfa.o(i.__0vfprintf) refers to st7735.o(i.fputc) for fputc
    printfa.o(i.__0vprintf) refers (Special) to iusefp.o(.text) for __I$use$fp
    printfa.o(i.__0vprintf) refers to printfa.o(i._printf_core) for _printf_core
    printfa.o(i.__0vprintf) refers to st7735.o(i.fputc) for fputc
    printfa.o(i.__0vprintf) refers to stdout.o(.data) for __stdout
    printfa.o(i.__0vsnprintf) refers (Special) to iusefp.o(.text) for __I$use$fp
    printfa.o(i.__0vsnprintf) refers to printfa.o(i._printf_core) for _printf_core
    printfa.o(i.__0vsnprintf) refers to printfa.o(i._snputc) for _snputc
    printfa.o(i.__0vsprintf) refers (Special) to iusefp.o(.text) for __I$use$fp
    printfa.o(i.__0vsprintf) refers to printfa.o(i._printf_core) for _printf_core
    printfa.o(i.__0vsprintf) refers to printfa.o(i._sputc) for _sputc
    printfa.o(i._fp_digits) refers (Special) to iusefp.o(.text) for __I$use$fp
    printfa.o(i._fp_digits) refers to dmul.o(.text) for __aeabi_dmul
    printfa.o(i._fp_digits) refers to ddiv.o(.text) for __aeabi_ddiv
    printfa.o(i._fp_digits) refers to cdrcmple.o(.text) for __aeabi_cdrcmple
    printfa.o(i._fp_digits) refers to dadd.o(.text) for __aeabi_dadd
    printfa.o(i._fp_digits) refers to dfixul.o(.text) for __aeabi_d2ulz
    printfa.o(i._fp_digits) refers to uldiv.o(.text) for __aeabi_uldivmod
    printfa.o(i._printf_core) refers (Special) to iusefp.o(.text) for __I$use$fp
    printfa.o(i._printf_core) refers to printfa.o(i._printf_pre_padding) for _printf_pre_padding
    printfa.o(i._printf_core) refers to uldiv.o(.text) for __aeabi_uldivmod
    printfa.o(i._printf_core) refers to printfa.o(i._printf_post_padding) for _printf_post_padding
    printfa.o(i._printf_core) refers to printfa.o(i._fp_digits) for _fp_digits
    printfa.o(i._printf_core) refers to uidiv.o(.text) for __aeabi_uidivmod
    printfa.o(i._printf_post_padding) refers (Special) to iusefp.o(.text) for __I$use$fp
    printfa.o(i._printf_pre_padding) refers (Special) to iusefp.o(.text) for __I$use$fp
    printfa.o(i._snputc) refers (Special) to iusefp.o(.text) for __I$use$fp
    printfa.o(i._sputc) refers (Special) to iusefp.o(.text) for __I$use$fp
    dadd.o(.text) refers (Special) to iusefp.o(.text) for __I$use$fp
    dadd.o(.text) refers to llshl.o(.text) for __aeabi_llsl
    dadd.o(.text) refers to llsshr.o(.text) for __aeabi_lasr
    dadd.o(.text) refers to depilogue.o(.text) for _double_epilogue
    dmul.o(.text) refers (Special) to iusefp.o(.text) for __I$use$fp
    dmul.o(.text) refers to depilogue.o(.text) for _double_epilogue
    ddiv.o(.text) refers (Special) to iusefp.o(.text) for __I$use$fp
    ddiv.o(.text) refers to depilogue.o(.text) for _double_round
    dflti.o(.text) refers (Special) to iusefp.o(.text) for __I$use$fp
    dflti.o(.text) refers to depilogue.o(.text) for _double_epilogue
    dfixi.o(.text) refers (Special) to iusefp.o(.text) for __I$use$fp
    dfixi.o(.text) refers to llushr.o(.text) for __aeabi_llsr
    f2d.o(.text) refers (Special) to iusefp.o(.text) for __I$use$fp
    cos_i.o(i.__kernel_cos) refers (Special) to iusefp.o(.text) for __I$use$fp
    cos_i.o(i.__kernel_cos) refers to dfixi.o(.text) for __aeabi_d2iz
    cos_i.o(i.__kernel_cos) refers to dmul.o(.text) for __aeabi_dmul
    cos_i.o(i.__kernel_cos) refers to poly.o(i.__kernel_poly) for __kernel_poly
    cos_i.o(i.__kernel_cos) refers to dadd.o(.text) for __aeabi_dsub
    cos_i.o(i.__kernel_cos) refers to dscalb.o(.text) for __ARM_scalbn
    cos_i.o(i.__kernel_cos) refers to cos_i.o(.constdata) for .constdata
    cos_i.o(.constdata) refers (Special) to iusefp.o(.text) for __I$use$fp
    rred.o(i.__ieee754_rem_pio2) refers (Special) to iusefp.o(.text) for __I$use$fp
    rred.o(i.__ieee754_rem_pio2) refers to dadd.o(.text) for __aeabi_dsub
    rred.o(i.__ieee754_rem_pio2) refers to dmul.o(.text) for __aeabi_dmul
    rred.o(i.__ieee754_rem_pio2) refers to dfixi.o(.text) for __aeabi_d2iz
    rred.o(i.__ieee754_rem_pio2) refers to dflti.o(.text) for __aeabi_i2d
    rred.o(i.__ieee754_rem_pio2) refers to dfltui.o(.text) for __aeabi_ui2d
    rred.o(i.__ieee754_rem_pio2) refers to dscalb.o(.text) for __ARM_scalbn
    rred.o(i.__ieee754_rem_pio2) refers to rred.o(.constdata) for .constdata
    rred.o(i.__use_accurate_range_reduction) refers (Special) to iusefp.o(.text) for __I$use$fp
    rred.o(.constdata) refers (Special) to iusefp.o(.text) for __I$use$fp
    sin_i.o(i.__kernel_sin) refers (Special) to iusefp.o(.text) for __I$use$fp
    sin_i.o(i.__kernel_sin) refers to fpclassify.o(i.__ARM_fpclassify) for __ARM_fpclassify
    sin_i.o(i.__kernel_sin) refers to dunder.o(i.__mathlib_dbl_underflow) for __mathlib_dbl_underflow
    sin_i.o(i.__kernel_sin) refers to dmul.o(.text) for __aeabi_dmul
    sin_i.o(i.__kernel_sin) refers to poly.o(i.__kernel_poly) for __kernel_poly
    sin_i.o(i.__kernel_sin) refers to dscalb.o(.text) for __ARM_scalbn
    sin_i.o(i.__kernel_sin) refers to dadd.o(.text) for __aeabi_dsub
    sin_i.o(i.__kernel_sin) refers to sin_i.o(.constdata) for .constdata
    sin_i.o(.constdata) refers (Special) to iusefp.o(.text) for __I$use$fp
    sin_i_x.o(i.____kernel_sin$lsc) refers (Special) to iusefp.o(.text) for __I$use$fp
    sin_i_x.o(i.____kernel_sin$lsc) refers to dmul.o(.text) for __aeabi_dmul
    sin_i_x.o(i.____kernel_sin$lsc) refers to poly.o(i.__kernel_poly) for __kernel_poly
    sin_i_x.o(i.____kernel_sin$lsc) refers to dscalb.o(.text) for __ARM_scalbn
    sin_i_x.o(i.____kernel_sin$lsc) refers to dadd.o(.text) for __aeabi_dsub
    sin_i_x.o(i.____kernel_sin$lsc) refers to sin_i_x.o(.constdata) for .constdata
    sin_i_x.o(.constdata) refers (Special) to iusefp.o(.text) for __I$use$fp
    entry2.o(.ARM.Collect$$$$00000001) refers to entry2.o(.ARM.Collect$$$$00002712) for __lit__00000000
    entry2.o(.ARM.Collect$$$$00002712) refers to startup.o(STACK) for __initial_sp
    entry2.o(__vectab_stack_and_reset_area) refers to startup.o(STACK) for __initial_sp
    entry2.o(__vectab_stack_and_reset_area) refers to entry.o(.ARM.Collect$$$$00000000) for __main
    entry5.o(.ARM.Collect$$$$00000004) refers to init.o(.text) for __scatterload
    entry9a.o(.ARM.Collect$$$$0000000B) refers to main.o(i.main) for main
    entry9b.o(.ARM.Collect$$$$0000000C) refers to main.o(i.main) for main
    uldiv.o(.text) refers to llushr.o(.text) for __aeabi_llsr
    uldiv.o(.text) refers to llshl.o(.text) for __aeabi_llsl
    errno.o(i.__aeabi_errno_addr) refers to errno.o(.data) for .data
    errno.o(i.__read_errno) refers to errno.o(.data) for .data
    errno.o(i.__set_errno) refers to errno.o(.data) for .data
    depilogue.o(.text) refers to llshl.o(.text) for __aeabi_llsl
    depilogue.o(.text) refers to llushr.o(.text) for __aeabi_llsr
    dfixul.o(.text) refers to llushr.o(.text) for __aeabi_llsr
    dfixul.o(.text) refers to llshl.o(.text) for __aeabi_llsl
    dunder.o(i.__mathlib_dbl_underflow) refers to dscalb.o(.text) for __ARM_scalbn
    fpclassify.o(i.__ARM_fpclassify) refers (Special) to iusefp.o(.text) for __I$use$fp
    poly.o(i.__kernel_poly) refers (Special) to iusefp.o(.text) for __I$use$fp
    poly.o(i.__kernel_poly) refers to dmul.o(.text) for __aeabi_dmul
    poly.o(i.__kernel_poly) refers to dadd.o(.text) for __aeabi_dadd
    init.o(.text) refers to entry5.o(.ARM.Collect$$$$00000004) for __main_after_scatterload
    dfltui.o(.text) refers to depilogue.o(.text) for _double_epilogue


==============================================================================

Removing Unused input sections from the image.

    Removing startup.o(HEAP), (0 bytes).
    Removing st7735.o(i.Output_Clear), (10 bytes).
    Removing st7735.o(i.Output_Color), (12 bytes).
    Removing st7735.o(i.Output_Init), (16 bytes).
    Removing st7735.o(i.Output_Off), (8 bytes).
    Removing st7735.o(i.Output_On), (8 bytes).
    Removing st7735.o(i.ST7735_Color565), (24 bytes).
    Removing st7735.o(i.ST7735_DrawBitmap), (288 bytes).
    Removing st7735.o(i.ST7735_DrawChar), (268 bytes).
    Removing st7735.o(i.ST7735_DrawFastHLine), (124 bytes).
    Removing st7735.o(i.ST7735_DrawFastVLine), (124 bytes).
    Removing st7735.o(i.ST7735_DrawString), (86 bytes).
    Removing st7735.o(i.ST7735_InitB), (40 bytes).
    Removing st7735.o(i.ST7735_InvertDisplay), (22 bytes).
    Removing st7735.o(i.ST7735_OutChar), (212 bytes).
    Removing st7735.o(i.ST7735_OutString), (24 bytes).
    Removing st7735.o(i.ST7735_OutUDec), (140 bytes).
    Removing st7735.o(i.ST7735_PlotBar), (88 bytes).
    Removing st7735.o(i.ST7735_PlotClear), (92 bytes).
    Removing st7735.o(i.ST7735_PlotLine), (264 bytes).
    Removing st7735.o(i.ST7735_PlotNext), (32 bytes).
    Removing st7735.o(i.ST7735_PlotNextErase), (64 bytes).
    Removing st7735.o(i.ST7735_PlotPoint), (152 bytes).
    Removing st7735.o(i.ST7735_PlotPoints), (172 bytes).
    Removing st7735.o(i.ST7735_PlotdBfs), (60 bytes).
    Removing st7735.o(i.ST7735_SetRotation), (212 bytes).
    Removing st7735.o(i.ST7735_SetTextColor), (12 bytes).
    Removing st7735.o(i.ST7735_SwapColor), (18 bytes).
    Removing st7735.o(i.ferror), (8 bytes).
    Removing st7735.o(i.fgetc), (6 bytes).
    Removing st7735.o(i.fillmessage), (72 bytes).
    Removing st7735.o(i.fputc), (16 bytes).
    Removing st7735.o(.bss), (12 bytes).
    Removing fixed.o(i.ST7735_XYplot), (156 bytes).
    Removing fixed.o(i.ST7735_XYplotInit), (76 bytes).
    Removing fixed.o(i.ST7735_sDecOut3), (158 bytes).
    Removing fixed.o(i.ST7735_uBinOut8), (196 bytes).
    Removing fixed.o(.data), (24 bytes).
    Removing speaker.o(i.PWM0A_Duty), (12 bytes).
    Removing speaker.o(i.PWM0A_Init), (164 bytes).
    Removing speaker.o(i.Sound_Init), (14 bytes).
    Removing speaker.o(i.Sound_Off), (28 bytes).
    Removing speaker.o(i.Sound_On), (28 bytes).
    Removing speaker.o(i.Sound_Play), (20 bytes).
    Removing speaker.o(.data), (1 bytes).
    Removing switch.o(i.Buttons_Init), (120 bytes).
    Removing main.o(i.BookExamples), (308 bytes).
    Removing main.o(i.DelayWait10ms), (32 bytes).
    Removing main.o(i.Pause), (40 bytes).
    Removing main.o(i.SSR_Init), (112 bytes).
    Removing main.o(i.ST7735_Line), (64 bytes).
    Removing main.o(i.main0), (32 bytes).
    Removing main.o(i.main1), (116 bytes).
    Removing main.o(i.main4), (32 bytes).
    Removing main.o(i.main41), (32 bytes).
    Removing main.o(i.main5), (32 bytes).
    Removing main.o(i.main51), (32 bytes).
    Removing main.o(i.main6), (64 bytes).
    Removing graphics.o(i.DrawBackground), (324 bytes).
    Removing graphics.o(.constdata), (20000 bytes).
    Removing time.o(i.SysTick_Init), (56 bytes).
    Removing time.o(i.Timer1_Init), (88 bytes).
    Removing f2d.o(.text), (38 bytes).
    Removing dfixul.o(.text), (48 bytes).

64 unused section(s) (total 25133 bytes) removed from the image.

==============================================================================

Image Symbol Table

    Local Symbols

    Symbol Name                              Value     Ov Type        Size  Object(Section)

    RESET                                    0x00000000   Section      644  startup.o(RESET)
    ../clib/microlib/division.c              0x00000000   Number         0  uidiv.o ABSOLUTE
    ../clib/microlib/division.c              0x00000000   Number         0  uldiv.o ABSOLUTE
    ../clib/microlib/errno.c                 0x00000000   Number         0  errno.o ABSOLUTE
    ../clib/microlib/init/entry.s            0x00000000   Number         0  entry8a.o ABSOLUTE
    ../clib/microlib/init/entry.s            0x00000000   Number         0  entry.o ABSOLUTE
    ../clib/microlib/init/entry.s            0x00000000   Number         0  entry7b.o ABSOLUTE
    ../clib/microlib/init/entry.s            0x00000000   Number         0  entry7a.o ABSOLUTE
    ../clib/microlib/init/entry.s            0x00000000   Number         0  entry8b.o ABSOLUTE
    ../clib/microlib/init/entry.s            0x00000000   Number         0  entry9a.o ABSOLUTE
    ../clib/microlib/init/entry.s            0x00000000   Number         0  entry2.o ABSOLUTE
    ../clib/microlib/init/entry.s            0x00000000   Number         0  entry5.o ABSOLUTE
    ../clib/microlib/init/entry.s            0x00000000   Number         0  entry9b.o ABSOLUTE
    ../clib/microlib/init/entry.s            0x00000000   Number         0  entry10a.o ABSOLUTE
    ../clib/microlib/init/entry.s            0x00000000   Number         0  entry10b.o ABSOLUTE
    ../clib/microlib/init/entry.s            0x00000000   Number         0  entry11a.o ABSOLUTE
    ../clib/microlib/init/entry.s            0x00000000   Number         0  entry11b.o ABSOLUTE
    ../clib/microlib/longlong.c              0x00000000   Number         0  llushr.o ABSOLUTE
    ../clib/microlib/longlong.c              0x00000000   Number         0  llsshr.o ABSOLUTE
    ../clib/microlib/longlong.c              0x00000000   Number         0  llshl.o ABSOLUTE
    ../clib/microlib/printf/printf.c         0x00000000   Number         0  printf0.o ABSOLUTE
    ../clib/microlib/printf/printf.c         0x00000000   Number         0  printf7.o ABSOLUTE
    ../clib/microlib/printf/printf.c         0x00000000   Number         0  printf1.o ABSOLUTE
    ../clib/microlib/printf/printf.c         0x00000000   Number         0  printf8.o ABSOLUTE
    ../clib/microlib/printf/printf.c         0x00000000   Number         0  printf2.o ABSOLUTE
    ../clib/microlib/printf/printf.c         0x00000000   Number         0  printfa.o ABSOLUTE
    ../clib/microlib/printf/printf.c         0x00000000   Number         0  printf3.o ABSOLUTE
    ../clib/microlib/printf/printf.c         0x00000000   Number         0  printf4.o ABSOLUTE
    ../clib/microlib/printf/printf.c         0x00000000   Number         0  printf5.o ABSOLUTE
    ../clib/microlib/printf/printf.c         0x00000000   Number         0  printf6.o ABSOLUTE
    ../clib/microlib/printf/printf.c         0x00000000   Number         0  printfb.o ABSOLUTE
    ../clib/microlib/printf/stubs.s          0x00000000   Number         0  stubs.o ABSOLUTE
    ../clib/microlib/stdio/streams.c         0x00000000   Number         0  stdout.o ABSOLUTE
    ../clib/microlib/stubs.s                 0x00000000   Number         0  iusefp.o ABSOLUTE
    ../fplib/microlib/f2d.c                  0x00000000   Number         0  f2d.o ABSOLUTE
    ../fplib/microlib/fpadd.c                0x00000000   Number         0  dadd.o ABSOLUTE
    ../fplib/microlib/fpdiv.c                0x00000000   Number         0  ddiv.o ABSOLUTE
    ../fplib/microlib/fpepilogue.c           0x00000000   Number         0  depilogue.o ABSOLUTE
    ../fplib/microlib/fpfix.c                0x00000000   Number         0  dfixul.o ABSOLUTE
    ../fplib/microlib/fpfix.c                0x00000000   Number         0  dfixi.o ABSOLUTE
    ../fplib/microlib/fpflt.c                0x00000000   Number         0  dfltui.o ABSOLUTE
    ../fplib/microlib/fpflt.c                0x00000000   Number         0  dflti.o ABSOLUTE
    ../fplib/microlib/fpmul.c                0x00000000   Number         0  dmul.o ABSOLUTE
    ../fplib/microlib/fpscalb.c              0x00000000   Number         0  dscalb.o ABSOLUTE
    ../mathlib/cos.c                         0x00000000   Number         0  cos_x.o ABSOLUTE
    ../mathlib/cos.c                         0x00000000   Number         0  cos.o ABSOLUTE
    ../mathlib/cos_i.c                       0x00000000   Number         0  cos_i.o ABSOLUTE
    ../mathlib/dunder.c                      0x00000000   Number         0  dunder.o ABSOLUTE
    ../mathlib/floor.c                       0x00000000   Number         0  floor.o ABSOLUTE
    ../mathlib/fpclassify.c                  0x00000000   Number         0  fpclassify.o ABSOLUTE
    ../mathlib/poly.c                        0x00000000   Number         0  poly.o ABSOLUTE
    ../mathlib/rred.c                        0x00000000   Number         0  rred.o ABSOLUTE
    ../mathlib/sin.c                         0x00000000   Number         0  sin_x.o ABSOLUTE
    ../mathlib/sin.c                         0x00000000   Number         0  sin.o ABSOLUTE
    ../mathlib/sin_i.c                       0x00000000   Number         0  sin_i.o ABSOLUTE
    ../mathlib/sin_i.c                       0x00000000   Number         0  sin_i_x.o ABSOLUTE
    Graphics.c                               0x00000000   Number         0  graphics.o ABSOLUTE
    PLL.c                                    0x00000000   Number         0  pll.o ABSOLUTE
    ST7735.c                                 0x00000000   Number         0  st7735.o ABSOLUTE
    Speaker.c                                0x00000000   Number         0  speaker.o ABSOLUTE
    Switch.c                                 0x00000000   Number         0  switch.o ABSOLUTE
    Time.c                                   0x00000000   Number         0  time.o ABSOLUTE
    cdrcmple.s                               0x00000000   Number         0  cdrcmple.o ABSOLUTE
    dc.s                                     0x00000000   Number         0  dc.o ABSOLUTE
    fixed.c                                  0x00000000   Number         0  fixed.o ABSOLUTE
    handlers.s                               0x00000000   Number         0  handlers.o ABSOLUTE
    init.s                                   0x00000000   Number         0  init.o ABSOLUTE
    main.c                                   0x00000000   Number         0  main.o ABSOLUTE
    startup.s                                0x00000000   Number         0  startup.o ABSOLUTE
    .ARM.Collect$$$$00000000                 0x00000284   Section        0  entry.o(.ARM.Collect$$$$00000000)
    .ARM.Collect$$$$00000001                 0x00000284   Section        4  entry2.o(.ARM.Collect$$$$00000001)
    .ARM.Collect$$$$00000004                 0x00000288   Section        4  entry5.o(.ARM.Collect$$$$00000004)
    .ARM.Collect$$$$00000008                 0x0000028c   Section        0  entry7b.o(.ARM.Collect$$$$00000008)
    .ARM.Collect$$$$0000000A                 0x0000028c   Section        0  entry8b.o(.ARM.Collect$$$$0000000A)
    .ARM.Collect$$$$0000000B                 0x0000028c   Section        8  entry9a.o(.ARM.Collect$$$$0000000B)
    .ARM.Collect$$$$0000000D                 0x00000294   Section        0  entry10a.o(.ARM.Collect$$$$0000000D)
    .ARM.Collect$$$$0000000F                 0x00000294   Section        0  entry11a.o(.ARM.Collect$$$$0000000F)
    .ARM.Collect$$$$00002712                 0x00000294   Section        4  entry2.o(.ARM.Collect$$$$00002712)
    __lit__00000000                          0x00000294   Data           4  entry2.o(.ARM.Collect$$$$00002712)
    .text                                    0x00000298   Section       28  startup.o(.text)
    .text                                    0x000002b4   Section        0  dadd.o(.text)
    .text                                    0x00000402   Section        0  dmul.o(.text)
    .text                                    0x000004e6   Section        0  ddiv.o(.text)
    .text                                    0x000005c4   Section        0  dflti.o(.text)
    .text                                    0x000005e6   Section        0  dfixi.o(.text)
    .text                                    0x00000624   Section        0  llshl.o(.text)
    .text                                    0x00000642   Section        0  llushr.o(.text)
    .text                                    0x00000662   Section        0  llsshr.o(.text)
    .text                                    0x00000686   Section        0  depilogue.o(.text)
    .text                                    0x00000686   Section        0  iusefp.o(.text)
    .text                                    0x00000744   Section        0  dscalb.o(.text)
    .text                                    0x00000774   Section       40  cdrcmple.o(.text)
    .text                                    0x0000079c   Section       36  init.o(.text)
    .text                                    0x000007c0   Section        0  dfltui.o(.text)
    i.Buttons_Handler                        0x000007dc   Section        0  switch.o(i.Buttons_Handler)
    i.Buttons_Input                          0x00000818   Section        0  switch.o(i.Buttons_Input)
    i.Buttons_Pressed                        0x00000874   Section        0  switch.o(i.Buttons_Pressed)
    i.Delay1ms                               0x0000089a   Section        0  st7735.o(i.Delay1ms)
    i.DigitalHour                            0x000008ba   Section        0  graphics.o(i.DigitalHour)
    i.DigitalInit                            0x00000906   Section        0  graphics.o(i.DigitalInit)
    i.DigitalMinute                          0x0000091e   Section        0  graphics.o(i.DigitalMinute)
    i.DigitalSecond                          0x00000986   Section        0  graphics.o(i.DigitalSecond)
    i.DrawClockInit                          0x00000988   Section        0  graphics.o(i.DrawClockInit)
    i.DrawHour                               0x00000c84   Section        0  graphics.o(i.DrawHour)
    i.DrawMinute                             0x00000ea0   Section        0  graphics.o(i.DrawMinute)
    i.DrawSecond                             0x000010bc   Section        0  graphics.o(i.DrawSecond)
    i.PLL_Init                               0x00001290   Section        0  pll.o(i.PLL_Init)
    i.PortF_Init                             0x0000130c   Section        0  main.o(i.PortF_Init)
    i.ST7735_DrawCharS                       0x00001390   Section        0  st7735.o(i.ST7735_DrawCharS)
    i.ST7735_DrawPixel                       0x00001484   Section        0  st7735.o(i.ST7735_DrawPixel)
    i.ST7735_FillRect                        0x000014cc   Section        0  st7735.o(i.ST7735_FillRect)
    i.ST7735_FillScreen                      0x00001578   Section        0  st7735.o(i.ST7735_FillScreen)
    i.ST7735_InitR                           0x0000159c   Section        0  st7735.o(i.ST7735_InitR)
    i.ST7735_SetCursor                       0x00001618   Section        0  st7735.o(i.ST7735_SetCursor)
    i.Timer0A_Handler                        0x00001638   Section        0  time.o(i.Timer0A_Handler)
    i.Timer0A_Init1HzInt                     0x00001678   Section        0  time.o(i.Timer0A_Init1HzInt)
    i.Timer1A_Handler                        0x000016f0   Section        0  time.o(i.Timer1A_Handler)
    i.__ARM_fpclassify                       0x00001704   Section        0  fpclassify.o(i.__ARM_fpclassify)
    i.__ieee754_rem_pio2                     0x0000172c   Section        0  rred.o(i.__ieee754_rem_pio2)
    i.__kernel_cos                           0x00001ab4   Section        0  cos_i.o(i.__kernel_cos)
    i.__kernel_poly                          0x00001bb0   Section        0  poly.o(i.__kernel_poly)
    i.__kernel_sin                           0x00001c5c   Section        0  sin_i.o(i.__kernel_sin)
    i.__mathlib_dbl_underflow                0x00001d48   Section        0  dunder.o(i.__mathlib_dbl_underflow)
    i.__scatterload_copy                     0x00001d58   Section       14  handlers.o(i.__scatterload_copy)
    i.__scatterload_null                     0x00001d66   Section        2  handlers.o(i.__scatterload_null)
    i.__scatterload_zeroinit                 0x00001d68   Section       14  handlers.o(i.__scatterload_zeroinit)
    i.__set_errno                            0x00001d78   Section        0  errno.o(i.__set_errno)
    i.commandList                            0x00001d84   Section        0  st7735.o(i.commandList)
    commandList                              0x00001d85   Thumb Code    86  st7735.o(i.commandList)
    i.commonInit                             0x00001ddc   Section        0  st7735.o(i.commonInit)
    commonInit                               0x00001ddd   Thumb Code   340  st7735.o(i.commonInit)
    i.cos                                    0x00001f60   Section        0  cos.o(i.cos)
    i.day                                    0x0000200c   Section        0  graphics.o(i.day)
    i.floor                                  0x00002060   Section        0  floor.o(i.floor)
    i.main                                   0x0000213c   Section        0  main.o(i.main)
    i.night                                  0x0000231c   Section        0  graphics.o(i.night)
    i.pushColor                              0x00002370   Section        0  st7735.o(i.pushColor)
    pushColor                                0x00002371   Thumb Code    18  st7735.o(i.pushColor)
    i.setAddrWindow                          0x00002384   Section        0  st7735.o(i.setAddrWindow)
    setAddrWindow                            0x00002385   Thumb Code   106  st7735.o(i.setAddrWindow)
    i.sin                                    0x000023f8   Section        0  sin.o(i.sin)
    i.whattime                               0x000024a8   Section        0  time.o(i.whattime)
    i.writecommand                           0x000024b4   Section        0  st7735.o(i.writecommand)
    writecommand                             0x000024b5   Thumb Code    40  st7735.o(i.writecommand)
    i.writedata                              0x000024e4   Section        0  st7735.o(i.writedata)
    writedata                                0x000024e5   Thumb Code    24  st7735.o(i.writedata)
    .constdata                               0x00002504   Section     2018  st7735.o(.constdata)
    Font                                     0x00002504   Data        1275  st7735.o(.constdata)
    Bcmd                                     0x000029ff   Data         103  st7735.o(.constdata)
    Rcmd1                                    0x00002a66   Data          59  st7735.o(.constdata)
    Rcmd2green                               0x00002aa1   Data          13  st7735.o(.constdata)
    Rcmd2red                                 0x00002aae   Data          13  st7735.o(.constdata)
    Rcmd3                                    0x00002abb   Data          43  st7735.o(.constdata)
    .constdata                               0x00002ce8   Section       48  cos_i.o(.constdata)
    C                                        0x00002ce8   Data          48  cos_i.o(.constdata)
    .constdata                               0x00002d18   Section      200  rred.o(.constdata)
    pio2s                                    0x00002d18   Data          48  rred.o(.constdata)
    twooverpi                                0x00002d48   Data         152  rred.o(.constdata)
    .constdata                               0x00002de0   Section       40  sin_i.o(.constdata)
    S                                        0x00002de0   Data          40  sin_i.o(.constdata)
    .data                                    0x20000000   Section       44  st7735.o(.data)
    _width                                   0x2000000a   Data           2  st7735.o(.data)
    _height                                  0x2000000c   Data           2  st7735.o(.data)
    ColStart                                 0x20000014   Data           1  st7735.o(.data)
    RowStart                                 0x20000015   Data           1  st7735.o(.data)
    Rotation                                 0x20000016   Data           1  st7735.o(.data)
    TabColor                                 0x20000017   Data           1  st7735.o(.data)
    .data                                    0x2000002c   Section       12  graphics.o(.data)
    .data                                    0x20000038   Section        4  time.o(.data)
    .data                                    0x2000003c   Section        4  errno.o(.data)
    _errno                                   0x2000003c   Data           4  errno.o(.data)
    .bss                                     0x20000040   Section       16  switch.o(.bss)
    STACK                                    0x20000050   Section     1024  startup.o(STACK)
    StackMem                                 0x20000050   Data           0  startup.o(STACK)

    Global Symbols

    Symbol Name                              Value     Ov Type        Size  Object(Section)

    BuildAttributes$$THM_ISAv4$E$P$D$K$B$S$7EM$PE$A:L22UL41UL21$X:L11$S22US41US21$IEEE1$IW$USESV6$~STKCKD$USESV7$~SHL$OTIME$ROPI$IEEEX$EBA8$MICROLIB$REQ8$PRES8$EABIv2 0x00000000   Number         0  anon$$obj.o ABSOLUTE
    __ARM_use_no_argv                        0x00000000   Number         0  main.o ABSOLUTE
    __Vectors                                0x00000000   Data           0  startup.o(RESET)
    _printf_a                                0x00000000   Number         0  stubs.o ABSOLUTE
    _printf_c                                0x00000000   Number         0  stubs.o ABSOLUTE
    _printf_charcount                        0x00000000   Number         0  stubs.o ABSOLUTE
    _printf_d                                0x00000000   Number         0  stubs.o ABSOLUTE
    _printf_e                                0x00000000   Number         0  stubs.o ABSOLUTE
    _printf_f                                0x00000000   Number         0  stubs.o ABSOLUTE
    _printf_flags                            0x00000000   Number         0  stubs.o ABSOLUTE
    _printf_fp_dec                           0x00000000   Number         0  stubs.o ABSOLUTE
    _printf_fp_hex                           0x00000000   Number         0  stubs.o ABSOLUTE
    _printf_g                                0x00000000   Number         0  stubs.o ABSOLUTE
    _printf_i                                0x00000000   Number         0  stubs.o ABSOLUTE
    _printf_int_dec                          0x00000000   Number         0  stubs.o ABSOLUTE
    _printf_l                                0x00000000   Number         0  stubs.o ABSOLUTE
    _printf_lc                               0x00000000   Number         0  stubs.o ABSOLUTE
    _printf_ll                               0x00000000   Number         0  stubs.o ABSOLUTE
    _printf_lld                              0x00000000   Number         0  stubs.o ABSOLUTE
    _printf_lli                              0x00000000   Number         0  stubs.o ABSOLUTE
    _printf_llo                              0x00000000   Number         0  stubs.o ABSOLUTE
    _printf_llu                              0x00000000   Number         0  stubs.o ABSOLUTE
    _printf_llx                              0x00000000   Number         0  stubs.o ABSOLUTE
    _printf_longlong_dec                     0x00000000   Number         0  stubs.o ABSOLUTE
    _printf_longlong_hex                     0x00000000   Number         0  stubs.o ABSOLUTE
    _printf_longlong_oct                     0x00000000   Number         0  stubs.o ABSOLUTE
    _printf_ls                               0x00000000   Number         0  stubs.o ABSOLUTE
    _printf_mbtowc                           0x00000000   Number         0  stubs.o ABSOLUTE
    _printf_n                                0x00000000   Number         0  stubs.o ABSOLUTE
    _printf_o                                0x00000000   Number         0  stubs.o ABSOLUTE
    _printf_p                                0x00000000   Number         0  stubs.o ABSOLUTE
    _printf_percent                          0x00000000   Number         0  stubs.o ABSOLUTE
    _printf_pre_padding                      0x00000000   Number         0  stubs.o ABSOLUTE
    _printf_return_value                     0x00000000   Number         0  stubs.o ABSOLUTE
    _printf_s                                0x00000000   Number         0  stubs.o ABSOLUTE
    _printf_sizespec                         0x00000000   Number         0  stubs.o ABSOLUTE
    _printf_str                              0x00000000   Number         0  stubs.o ABSOLUTE
    _printf_truncate_signed                  0x00000000   Number         0  stubs.o ABSOLUTE
    _printf_truncate_unsigned                0x00000000   Number         0  stubs.o ABSOLUTE
    _printf_u                                0x00000000   Number         0  stubs.o ABSOLUTE
    _printf_wc                               0x00000000   Number         0  stubs.o ABSOLUTE
    _printf_wctomb                           0x00000000   Number         0  stubs.o ABSOLUTE
    _printf_widthprec                        0x00000000   Number         0  stubs.o ABSOLUTE
    _printf_x                                0x00000000   Number         0  stubs.o ABSOLUTE
    __cpp_initialize__aeabi_                  - Undefined Weak Reference
    __cxa_finalize                            - Undefined Weak Reference
    __decompress                              - Undefined Weak Reference
    _clock_init                               - Undefined Weak Reference
    _microlib_exit                            - Undefined Weak Reference
    Reset_Handler                            0x0000026d   Thumb Code     0  startup.o(RESET)
    NMI_Handler                              0x00000271   Thumb Code     2  startup.o(RESET)
    HardFault_Handler                        0x00000273   Thumb Code     2  startup.o(RESET)
    MemManage_Handler                        0x00000275   Thumb Code     2  startup.o(RESET)
    BusFault_Handler                         0x00000277   Thumb Code     2  startup.o(RESET)
    UsageFault_Handler                       0x00000279   Thumb Code     2  startup.o(RESET)
    SVC_Handler                              0x0000027b   Thumb Code     2  startup.o(RESET)
    DebugMon_Handler                         0x0000027d   Thumb Code     2  startup.o(RESET)
    PendSV_Handler                           0x0000027f   Thumb Code     2  startup.o(RESET)
    SysTick_Handler                          0x00000281   Thumb Code     2  startup.o(RESET)
    ADC0Seq0_Handler                         0x00000283   Thumb Code     0  startup.o(RESET)
    ADC0Seq1_Handler                         0x00000283   Thumb Code     0  startup.o(RESET)
    ADC0Seq2_Handler                         0x00000283   Thumb Code     0  startup.o(RESET)
    ADC0Seq3_Handler                         0x00000283   Thumb Code     0  startup.o(RESET)
    ADC1Seq0_Handler                         0x00000283   Thumb Code     0  startup.o(RESET)
    ADC1Seq1_Handler                         0x00000283   Thumb Code     0  startup.o(RESET)
    ADC1Seq2_Handler                         0x00000283   Thumb Code     0  startup.o(RESET)
    ADC1Seq3_Handler                         0x00000283   Thumb Code     0  startup.o(RESET)
    CAN0_Handler                             0x00000283   Thumb Code     0  startup.o(RESET)
    CAN1_Handler                             0x00000283   Thumb Code     0  startup.o(RESET)
    CAN2_Handler                             0x00000283   Thumb Code     0  startup.o(RESET)
    Comp0_Handler                            0x00000283   Thumb Code     0  startup.o(RESET)
    Comp1_Handler                            0x00000283   Thumb Code     0  startup.o(RESET)
    Comp2_Handler                            0x00000283   Thumb Code     0  startup.o(RESET)
    Ethernet_Handler                         0x00000283   Thumb Code     0  startup.o(RESET)
    ExtBus_Handler                           0x00000283   Thumb Code     0  startup.o(RESET)
    FPU_Handler                              0x00000283   Thumb Code     0  startup.o(RESET)
    Fan0_Handler                             0x00000283   Thumb Code     0  startup.o(RESET)
    FlashCtl_Handler                         0x00000283   Thumb Code     0  startup.o(RESET)
    GPIOPortA_Handler                        0x00000283   Thumb Code     0  startup.o(RESET)
    GPIOPortB_Handler                        0x00000283   Thumb Code     0  startup.o(RESET)
    GPIOPortC_Handler                        0x00000283   Thumb Code     0  startup.o(RESET)
    GPIOPortD_Handler                        0x00000283   Thumb Code     0  startup.o(RESET)
    GPIOPortE_Handler                        0x00000283   Thumb Code     0  startup.o(RESET)
    GPIOPortF_Handler                        0x00000283   Thumb Code     0  startup.o(RESET)
    GPIOPortG_Handler                        0x00000283   Thumb Code     0  startup.o(RESET)
    GPIOPortH_Handler                        0x00000283   Thumb Code     0  startup.o(RESET)
    GPIOPortJ_Handler                        0x00000283   Thumb Code     0  startup.o(RESET)
    GPIOPortK_Handler                        0x00000283   Thumb Code     0  startup.o(RESET)
    GPIOPortL_Handler                        0x00000283   Thumb Code     0  startup.o(RESET)
    GPIOPortM_Handler                        0x00000283   Thumb Code     0  startup.o(RESET)
    GPIOPortN_Handler                        0x00000283   Thumb Code     0  startup.o(RESET)
    GPIOPortP1_Handler                       0x00000283   Thumb Code     0  startup.o(RESET)
    GPIOPortP2_Handler                       0x00000283   Thumb Code     0  startup.o(RESET)
    GPIOPortP3_Handler                       0x00000283   Thumb Code     0  startup.o(RESET)
    GPIOPortP4_Handler                       0x00000283   Thumb Code     0  startup.o(RESET)
    GPIOPortP5_Handler                       0x00000283   Thumb Code     0  startup.o(RESET)
    GPIOPortP6_Handler                       0x00000283   Thumb Code     0  startup.o(RESET)
    GPIOPortP7_Handler                       0x00000283   Thumb Code     0  startup.o(RESET)
    GPIOPortP_Handler                        0x00000283   Thumb Code     0  startup.o(RESET)
    GPIOPortQ1_Handler                       0x00000283   Thumb Code     0  startup.o(RESET)
    GPIOPortQ2_Handler                       0x00000283   Thumb Code     0  startup.o(RESET)
    GPIOPortQ3_Handler                       0x00000283   Thumb Code     0  startup.o(RESET)
    GPIOPortQ4_Handler                       0x00000283   Thumb Code     0  startup.o(RESET)
    GPIOPortQ5_Handler                       0x00000283   Thumb Code     0  startup.o(RESET)
    GPIOPortQ6_Handler                       0x00000283   Thumb Code     0  startup.o(RESET)
    GPIOPortQ7_Handler                       0x00000283   Thumb Code     0  startup.o(RESET)
    GPIOPortQ_Handler                        0x00000283   Thumb Code     0  startup.o(RESET)
    GPIOPortR_Handler                        0x00000283   Thumb Code     0  startup.o(RESET)
    GPIOPortS_Handler                        0x00000283   Thumb Code     0  startup.o(RESET)
    Hibernate_Handler                        0x00000283   Thumb Code     0  startup.o(RESET)
    I2C0_Handler                             0x00000283   Thumb Code     0  startup.o(RESET)
    I2C1_Handler                             0x00000283   Thumb Code     0  startup.o(RESET)
    I2C2_Handler                             0x00000283   Thumb Code     0  startup.o(RESET)
    I2C3_Handler                             0x00000283   Thumb Code     0  startup.o(RESET)
    I2C4_Handler                             0x00000283   Thumb Code     0  startup.o(RESET)
    I2C5_Handler                             0x00000283   Thumb Code     0  startup.o(RESET)
    I2S0_Handler                             0x00000283   Thumb Code     0  startup.o(RESET)
    LPC0_Handler                             0x00000283   Thumb Code     0  startup.o(RESET)
    PECI0_Handler                            0x00000283   Thumb Code     0  startup.o(RESET)
    PWM0Fault_Handler                        0x00000283   Thumb Code     0  startup.o(RESET)
    PWM0Generator0_Handler                   0x00000283   Thumb Code     0  startup.o(RESET)
    PWM0Generator1_Handler                   0x00000283   Thumb Code     0  startup.o(RESET)
    PWM0Generator2_Handler                   0x00000283   Thumb Code     0  startup.o(RESET)
    PWM0Generator3_Handler                   0x00000283   Thumb Code     0  startup.o(RESET)
    PWM1Fault_Handler                        0x00000283   Thumb Code     0  startup.o(RESET)
    PWM1Generator0_Handler                   0x00000283   Thumb Code     0  startup.o(RESET)
    PWM1Generator1_Handler                   0x00000283   Thumb Code     0  startup.o(RESET)
    PWM1Generator2_Handler                   0x00000283   Thumb Code     0  startup.o(RESET)
    PWM1Generator3_Handler                   0x00000283   Thumb Code     0  startup.o(RESET)
    Quadrature0_Handler                      0x00000283   Thumb Code     0  startup.o(RESET)
    Quadrature1_Handler                      0x00000283   Thumb Code     0  startup.o(RESET)
    Quadrature2_Handler                      0x00000283   Thumb Code     0  startup.o(RESET)
    SSI0_Handler                             0x00000283   Thumb Code     0  startup.o(RESET)
    SSI1_Handler                             0x00000283   Thumb Code     0  startup.o(RESET)
    SSI2_Handler                             0x00000283   Thumb Code     0  startup.o(RESET)
    SSI3_Handler                             0x00000283   Thumb Code     0  startup.o(RESET)
    SysCtl_Handler                           0x00000283   Thumb Code     0  startup.o(RESET)
    Timer0B_Handler                          0x00000283   Thumb Code     0  startup.o(RESET)
    Timer1B_Handler                          0x00000283   Thumb Code     0  startup.o(RESET)
    Timer2A_Handler                          0x00000283   Thumb Code     0  startup.o(RESET)
    Timer2B_Handler                          0x00000283   Thumb Code     0  startup.o(RESET)
    Timer3A_Handler                          0x00000283   Thumb Code     0  startup.o(RESET)
    Timer3B_Handler                          0x00000283   Thumb Code     0  startup.o(RESET)
    Timer4A_Handler                          0x00000283   Thumb Code     0  startup.o(RESET)
    Timer4B_Handler                          0x00000283   Thumb Code     0  startup.o(RESET)
    Timer5A_Handler                          0x00000283   Thumb Code     0  startup.o(RESET)
    Timer5B_Handler                          0x00000283   Thumb Code     0  startup.o(RESET)
    UART0_Handler                            0x00000283   Thumb Code     0  startup.o(RESET)
    UART1_Handler                            0x00000283   Thumb Code     0  startup.o(RESET)
    UART2_Handler                            0x00000283   Thumb Code     0  startup.o(RESET)
    UART3_Handler                            0x00000283   Thumb Code     0  startup.o(RESET)
    UART4_Handler                            0x00000283   Thumb Code     0  startup.o(RESET)
    UART5_Handler                            0x00000283   Thumb Code     0  startup.o(RESET)
    UART6_Handler                            0x00000283   Thumb Code     0  startup.o(RESET)
    UART7_Handler                            0x00000283   Thumb Code     0  startup.o(RESET)
    USB0_Handler                             0x00000283   Thumb Code     0  startup.o(RESET)
    WDT_Handler                              0x00000283   Thumb Code     0  startup.o(RESET)
    WideTimer0A_Handler                      0x00000283   Thumb Code     0  startup.o(RESET)
    WideTimer0B_Handler                      0x00000283   Thumb Code     0  startup.o(RESET)
    WideTimer1A_Handler                      0x00000283   Thumb Code     0  startup.o(RESET)
    WideTimer1B_Handler                      0x00000283   Thumb Code     0  startup.o(RESET)
    WideTimer2A_Handler                      0x00000283   Thumb Code     0  startup.o(RESET)
    WideTimer2B_Handler                      0x00000283   Thumb Code     0  startup.o(RESET)
    WideTimer3A_Handler                      0x00000283   Thumb Code     0  startup.o(RESET)
    WideTimer3B_Handler                      0x00000283   Thumb Code     0  startup.o(RESET)
    WideTimer4A_Handler                      0x00000283   Thumb Code     0  startup.o(RESET)
    WideTimer4B_Handler                      0x00000283   Thumb Code     0  startup.o(RESET)
    WideTimer5A_Handler                      0x00000283   Thumb Code     0  startup.o(RESET)
    WideTimer5B_Handler                      0x00000283   Thumb Code     0  startup.o(RESET)
    uDMA_Error                               0x00000283   Thumb Code     0  startup.o(RESET)
    uDMA_Handler                             0x00000283   Thumb Code     0  startup.o(RESET)
    __main                                   0x00000285   Thumb Code     0  entry.o(.ARM.Collect$$$$00000000)
    _main_stk                                0x00000285   Thumb Code     0  entry2.o(.ARM.Collect$$$$00000001)
    _main_scatterload                        0x00000289   Thumb Code     0  entry5.o(.ARM.Collect$$$$00000004)
    __main_after_scatterload                 0x0000028d   Thumb Code     0  entry5.o(.ARM.Collect$$$$00000004)
    _main_clock                              0x0000028d   Thumb Code     0  entry7b.o(.ARM.Collect$$$$00000008)
    _main_cpp_init                           0x0000028d   Thumb Code     0  entry8b.o(.ARM.Collect$$$$0000000A)
    _main_init                               0x0000028d   Thumb Code     0  entry9a.o(.ARM.Collect$$$$0000000B)
    __rt_final_cpp                           0x00000295   Thumb Code     0  entry10a.o(.ARM.Collect$$$$0000000D)
    __rt_final_exit                          0x00000295   Thumb Code     0  entry11a.o(.ARM.Collect$$$$0000000F)
    DisableInterrupts                        0x00000299   Thumb Code     0  startup.o(.text)
    EnableInterrupts                         0x0000029d   Thumb Code     0  startup.o(.text)
    StartCritical                            0x000002a1   Thumb Code     0  startup.o(.text)
    EndCritical                              0x000002a9   Thumb Code     0  startup.o(.text)
    WaitForInterrupt                         0x000002af   Thumb Code     0  startup.o(.text)
    __aeabi_dadd                             0x000002b5   Thumb Code   322  dadd.o(.text)
    __aeabi_dsub                             0x000003f7   Thumb Code     6  dadd.o(.text)
    __aeabi_drsub                            0x000003fd   Thumb Code     6  dadd.o(.text)
    __aeabi_dmul                             0x00000403   Thumb Code   228  dmul.o(.text)
    __aeabi_ddiv                             0x000004e7   Thumb Code   222  ddiv.o(.text)
    __aeabi_i2d                              0x000005c5   Thumb Code    34  dflti.o(.text)
    __aeabi_d2iz                             0x000005e7   Thumb Code    62  dfixi.o(.text)
    __aeabi_llsl                             0x00000625   Thumb Code    30  llshl.o(.text)
    _ll_shift_l                              0x00000625   Thumb Code     0  llshl.o(.text)
    __aeabi_llsr                             0x00000643   Thumb Code    32  llushr.o(.text)
    _ll_ushift_r                             0x00000643   Thumb Code     0  llushr.o(.text)
    __aeabi_lasr                             0x00000663   Thumb Code    36  llsshr.o(.text)
    _ll_sshift_r                             0x00000663   Thumb Code     0  llsshr.o(.text)
    __I$use$fp                               0x00000687   Thumb Code     0  iusefp.o(.text)
    _double_round                            0x00000687   Thumb Code    26  depilogue.o(.text)
    _double_epilogue                         0x000006a1   Thumb Code   164  depilogue.o(.text)
    __ARM_scalbn                             0x00000745   Thumb Code    46  dscalb.o(.text)
    scalbn                                   0x00000745   Thumb Code     0  dscalb.o(.text)
    __aeabi_cdrcmple                         0x00000775   Thumb Code    38  cdrcmple.o(.text)
    __scatterload                            0x0000079d   Thumb Code    28  init.o(.text)
    __scatterload_rt2                        0x0000079d   Thumb Code     0  init.o(.text)
    __aeabi_ui2d                             0x000007c1   Thumb Code    26  dfltui.o(.text)
    Buttons_Handler                          0x000007dd   Thumb Code    56  switch.o(i.Buttons_Handler)
    Buttons_Input                            0x00000819   Thumb Code    78  switch.o(i.Buttons_Input)
    Buttons_Pressed                          0x00000875   Thumb Code    38  switch.o(i.Buttons_Pressed)
    Delay1ms                                 0x0000089b   Thumb Code    32  st7735.o(i.Delay1ms)
    DigitalHour                              0x000008bb   Thumb Code    76  graphics.o(i.DigitalHour)
    DigitalInit                              0x00000907   Thumb Code    24  graphics.o(i.DigitalInit)
    DigitalMinute                            0x0000091f   Thumb Code   104  graphics.o(i.DigitalMinute)
    DigitalSecond                            0x00000987   Thumb Code     2  graphics.o(i.DigitalSecond)
    DrawClockInit                            0x00000989   Thumb Code   748  graphics.o(i.DrawClockInit)
    DrawHour                                 0x00000c85   Thumb Code   510  graphics.o(i.DrawHour)
    DrawMinute                               0x00000ea1   Thumb Code   512  graphics.o(i.DrawMinute)
    DrawSecond                               0x000010bd   Thumb Code   438  graphics.o(i.DrawSecond)
    PLL_Init                                 0x00001291   Thumb Code   118  pll.o(i.PLL_Init)
    PortF_Init                               0x0000130d   Thumb Code   110  main.o(i.PortF_Init)
    ST7735_DrawCharS                         0x00001391   Thumb Code   232  st7735.o(i.ST7735_DrawCharS)
    ST7735_DrawPixel                         0x00001485   Thumb Code    64  st7735.o(i.ST7735_DrawPixel)
    ST7735_FillRect                          0x000014cd   Thumb Code   164  st7735.o(i.ST7735_FillRect)
    ST7735_FillScreen                        0x00001579   Thumb Code    28  st7735.o(i.ST7735_FillScreen)
    ST7735_InitR                             0x0000159d   Thumb Code    90  st7735.o(i.ST7735_InitR)
    ST7735_SetCursor                         0x00001619   Thumb Code    22  st7735.o(i.ST7735_SetCursor)
    Timer0A_Handler                          0x00001639   Thumb Code    48  time.o(i.Timer0A_Handler)
    Timer0A_Init1HzInt                       0x00001679   Thumb Code    98  time.o(i.Timer0A_Init1HzInt)
    Timer1A_Handler                          0x000016f1   Thumb Code    14  time.o(i.Timer1A_Handler)
    __ARM_fpclassify                         0x00001705   Thumb Code    40  fpclassify.o(i.__ARM_fpclassify)
    __ieee754_rem_pio2                       0x0000172d   Thumb Code   832  rred.o(i.__ieee754_rem_pio2)
    __kernel_cos                             0x00001ab5   Thumb Code   230  cos_i.o(i.__kernel_cos)
    __kernel_poly                            0x00001bb1   Thumb Code   170  poly.o(i.__kernel_poly)
    __kernel_sin                             0x00001c5d   Thumb Code   224  sin_i.o(i.__kernel_sin)
    __mathlib_dbl_underflow                  0x00001d49   Thumb Code    10  dunder.o(i.__mathlib_dbl_underflow)
    __scatterload_copy                       0x00001d59   Thumb Code    14  handlers.o(i.__scatterload_copy)
    __scatterload_null                       0x00001d67   Thumb Code     2  handlers.o(i.__scatterload_null)
    __scatterload_zeroinit                   0x00001d69   Thumb Code    14  handlers.o(i.__scatterload_zeroinit)
    __set_errno                              0x00001d79   Thumb Code     6  errno.o(i.__set_errno)
    cos                                      0x00001f61   Thumb Code   164  cos.o(i.cos)
    day                                      0x0000200d   Thumb Code    84  graphics.o(i.day)
    floor                                    0x00002061   Thumb Code   204  floor.o(i.floor)
    main                                     0x0000213d   Thumb Code   464  main.o(i.main)
    night                                    0x0000231d   Thumb Code    84  graphics.o(i.night)
    sin                                      0x000023f9   Thumb Code   166  sin.o(i.sin)
    whattime                                 0x000024a9   Thumb Code     6  time.o(i.whattime)
    dBfs                                     0x00002ae6   Data         512  st7735.o(.constdata)
    Region$$Table$$Base                      0x00002e08   Number         0  anon$$obj.o(Region$$Table)
    Region$$Table$$Limit                     0x00002e28   Number         0  anon$$obj.o(Region$$Table)
    StX                                      0x20000000   Data           4  st7735.o(.data)
    StY                                      0x20000004   Data           4  st7735.o(.data)
    StTextColor                              0x20000008   Data           2  st7735.o(.data)
    lastj                                    0x20000010   Data           4  st7735.o(.data)
    Messageindex                             0x20000018   Data           4  st7735.o(.data)
    Ymax                                     0x2000001c   Data           4  st7735.o(.data)
    Ymin                                     0x20000020   Data           4  st7735.o(.data)
    X                                        0x20000024   Data           4  st7735.o(.data)
    Yrange                                   0x20000028   Data           4  st7735.o(.data)
    lHR                                      0x2000002c   Data           4  graphics.o(.data)
    lMIN                                     0x20000030   Data           4  graphics.o(.data)
    lSEC                                     0x20000034   Data           4  graphics.o(.data)
    count                                    0x20000038   Data           4  time.o(.data)
    debounce                                 0x20000040   Data          16  switch.o(.bss)
    __initial_sp                             0x20000450   Data           0  startup.o(STACK)



==============================================================================

Memory Map of the image

  Image Entry point : 0x0000026d

  Load Region LR_1 (Base: 0x00000000, Size: 0x00002e68, Max: 0xffffffff, ABSOLUTE)

    Execution Region ER_RO (Base: 0x00000000, Size: 0x00002e28, Max: 0xffffffff, ABSOLUTE)

    Base Addr    Size         Type   Attr      Idx    E Section Name        Object

    0x00000000   0x00000284   Code   RO            3  * RESET               startup.o
    0x00000284   0x00000000   Code   RO          675  * .ARM.Collect$$$$00000000  mc_w.l(entry.o)
    0x00000284   0x00000004   Code   RO          965    .ARM.Collect$$$$00000001  mc_w.l(entry2.o)
    0x00000288   0x00000004   Code   RO          968    .ARM.Collect$$$$00000004  mc_w.l(entry5.o)
    0x0000028c   0x00000000   Code   RO          970    .ARM.Collect$$$$00000008  mc_w.l(entry7b.o)
    0x0000028c   0x00000000   Code   RO          972    .ARM.Collect$$$$0000000A  mc_w.l(entry8b.o)
    0x0000028c   0x00000008   Code   RO          973    .ARM.Collect$$$$0000000B  mc_w.l(entry9a.o)
    0x00000294   0x00000000   Code   RO          975    .ARM.Collect$$$$0000000D  mc_w.l(entry10a.o)
    0x00000294   0x00000000   Code   RO          977    .ARM.Collect$$$$0000000F  mc_w.l(entry11a.o)
    0x00000294   0x00000004   Code   RO          966    .ARM.Collect$$$$00002712  mc_w.l(entry2.o)
    0x00000298   0x0000001c   Code   RO            4    .text               startup.o
    0x000002b4   0x0000014e   Code   RO          939    .text               mf_w.l(dadd.o)
    0x00000402   0x000000e4   Code   RO          941    .text               mf_w.l(dmul.o)
    0x000004e6   0x000000de   Code   RO          943    .text               mf_w.l(ddiv.o)
    0x000005c4   0x00000022   Code   RO          945    .text               mf_w.l(dflti.o)
    0x000005e6   0x0000003e   Code   RO          947    .text               mf_w.l(dfixi.o)
    0x00000624   0x0000001e   Code   RO          984    .text               mc_w.l(llshl.o)
    0x00000642   0x00000020   Code   RO          986    .text               mc_w.l(llushr.o)
    0x00000662   0x00000024   Code   RO          988    .text               mc_w.l(llsshr.o)
    0x00000686   0x00000000   Code   RO          997    .text               mc_w.l(iusefp.o)
    0x00000686   0x000000be   Code   RO          998    .text               mf_w.l(depilogue.o)
    0x00000744   0x0000002e   Code   RO         1000    .text               mf_w.l(dscalb.o)
    0x00000772   0x00000002   PAD
    0x00000774   0x00000028   Code   RO         1004    .text               mf_w.l(cdrcmple.o)
    0x0000079c   0x00000024   Code   RO         1012    .text               mc_w.l(init.o)
    0x000007c0   0x0000001a   Code   RO         1014    .text               mf_w.l(dfltui.o)
    0x000007da   0x00000002   PAD
    0x000007dc   0x0000003c   Code   RO          391    i.Buttons_Handler   switch.o
    0x00000818   0x0000005c   Code   RO          393    i.Buttons_Input     switch.o
    0x00000874   0x00000026   Code   RO          394    i.Buttons_Pressed   switch.o
    0x0000089a   0x00000020   Code   RO           34    i.Delay1ms          st7735.o
    0x000008ba   0x0000004c   Code   RO          524    i.DigitalHour       graphics.o
    0x00000906   0x00000018   Code   RO          525    i.DigitalInit       graphics.o
    0x0000091e   0x00000068   Code   RO          526    i.DigitalMinute     graphics.o
    0x00000986   0x00000002   Code   RO          527    i.DigitalSecond     graphics.o
    0x00000988   0x000002fc   Code   RO          529    i.DrawClockInit     graphics.o
    0x00000c84   0x0000021c   Code   RO          530    i.DrawHour          graphics.o
    0x00000ea0   0x0000021c   Code   RO          531    i.DrawMinute        graphics.o
    0x000010bc   0x000001d4   Code   RO          532    i.DrawSecond        graphics.o
    0x00001290   0x0000007c   Code   RO           12    i.PLL_Init          pll.o
    0x0000130c   0x00000084   Code   RO          430    i.PortF_Init        main.o
    0x00001390   0x000000f4   Code   RO           43    i.ST7735_DrawCharS  st7735.o
    0x00001484   0x00000048   Code   RO           46    i.ST7735_DrawPixel  st7735.o
    0x000014cc   0x000000ac   Code   RO           48    i.ST7735_FillRect   st7735.o
    0x00001578   0x00000024   Code   RO           49    i.ST7735_FillScreen  st7735.o
    0x0000159c   0x0000007c   Code   RO           51    i.ST7735_InitR      st7735.o
    0x00001618   0x00000020   Code   RO           64    i.ST7735_SetCursor  st7735.o
    0x00001638   0x00000040   Code   RO          601    i.Timer0A_Handler   time.o
    0x00001678   0x00000078   Code   RO          602    i.Timer0A_Init1HzInt  time.o
    0x000016f0   0x00000014   Code   RO          603    i.Timer1A_Handler   time.o
    0x00001704   0x00000028   Code   RO         1008    i.__ARM_fpclassify  m_ws.l(fpclassify.o)
    0x0000172c   0x00000388   Code   RO          954    i.__ieee754_rem_pio2  m_ws.l(rred.o)
    0x00001ab4   0x000000fc   Code   RO          951    i.__kernel_cos      m_ws.l(cos_i.o)
    0x00001bb0   0x000000aa   Code   RO         1010    i.__kernel_poly     m_ws.l(poly.o)
    0x00001c5a   0x00000002   PAD
    0x00001c5c   0x000000ec   Code   RO          959    i.__kernel_sin      m_ws.l(sin_i.o)
    0x00001d48   0x00000010   Code   RO         1006    i.__mathlib_dbl_underflow  m_ws.l(dunder.o)
    0x00001d58   0x0000000e   Code   RO         1018    i.__scatterload_copy  mc_w.l(handlers.o)
    0x00001d66   0x00000002   Code   RO         1019    i.__scatterload_null  mc_w.l(handlers.o)
    0x00001d68   0x0000000e   Code   RO         1020    i.__scatterload_zeroinit  mc_w.l(handlers.o)
    0x00001d76   0x00000002   PAD
    0x00001d78   0x0000000c   Code   RO          992    i.__set_errno       mc_w.l(errno.o)
    0x00001d84   0x00000056   Code   RO           68    i.commandList       st7735.o
    0x00001dda   0x00000002   PAD
    0x00001ddc   0x00000184   Code   RO           69    i.commonInit        st7735.o
    0x00001f60   0x000000ac   Code   RO          656    i.cos               m_ws.l(cos.o)
    0x0000200c   0x00000054   Code   RO          533    i.day               graphics.o
    0x00002060   0x000000dc   Code   RO          664    i.floor             m_ws.l(floor.o)
    0x0000213c   0x000001e0   Code   RO          433    i.main              main.o
    0x0000231c   0x00000054   Code   RO          534    i.night             graphics.o
    0x00002370   0x00000012   Code   RO           74    i.pushColor         st7735.o
    0x00002382   0x00000002   PAD
    0x00002384   0x00000074   Code   RO           75    i.setAddrWindow     st7735.o
    0x000023f8   0x000000b0   Code   RO          668    i.sin               m_ws.l(sin.o)
    0x000024a8   0x0000000c   Code   RO          605    i.whattime          time.o
    0x000024b4   0x00000030   Code   RO           76    i.writecommand      st7735.o
    0x000024e4   0x00000020   Code   RO           77    i.writedata         st7735.o
    0x00002504   0x000007e2   Data   RO           79    .constdata          st7735.o
    0x00002ce6   0x00000002   PAD
    0x00002ce8   0x00000030   Data   RO          952    .constdata          m_ws.l(cos_i.o)
    0x00002d18   0x000000c8   Data   RO          956    .constdata          m_ws.l(rred.o)
    0x00002de0   0x00000028   Data   RO          960    .constdata          m_ws.l(sin_i.o)
    0x00002e08   0x00000020   Data   RO         1016    Region$$Table       anon$$obj.o


    Execution Region ER_RW (Base: 0x20000000, Size: 0x00000040, Max: 0xffffffff, ABSOLUTE)

    Base Addr    Size         Type   Attr      Idx    E Section Name        Object

    0x20000000   0x0000002c   Data   RW           80    .data               st7735.o
    0x2000002c   0x0000000c   Data   RW          536    .data               graphics.o
    0x20000038   0x00000004   Data   RW          606    .data               time.o
    0x2000003c   0x00000004   Data   RW          993    .data               mc_w.l(errno.o)


    Execution Region ER_ZI (Base: 0x20000040, Size: 0x00000410, Max: 0xffffffff, ABSOLUTE)

    Base Addr    Size         Type   Attr      Idx    E Section Name        Object

    0x20000040   0x00000010   Zero   RW          395    .bss                switch.o
    0x20000050   0x00000400   Zero   RW            1    STACK               startup.o


==============================================================================

Image component sizes


      Code (inc. data)   RO Data    RW Data    ZI Data      Debug   Object Name

      2686        104          0         12          0       6562   graphics.o
       612         38          0          0          0       1232   main.o
       124          6          0          0          0       4655   pll.o
      1400        154       2018         44          0      10534   st7735.o
       672        622          0          0       1024        884   startup.o
       190         18          0          0         16       1843   switch.o
       216         50          0          4          0       2152   time.o

    ----------------------------------------------------------------------
      5904        992       2052         60       1040      27862   Object Totals
         0          0         32          0          0          0   (incl. Generated)
         4          0          2          0          0          0   (incl. Padding)

    ----------------------------------------------------------------------

      Code (inc. data)   RO Data    RW Data    ZI Data      Debug   Library Member Name

       172          8          0          0          0        112   cos.o
       252         22         48          0          0        124   cos_i.o
        16          6          0          0          0         68   dunder.o
       220         16          0          0          0         84   floor.o
        40          0          0          0          0         68   fpclassify.o
       170          0          0          0          0         96   poly.o
       904         72        200          0          0        140   rred.o
       176         10          0          0          0        116   sin.o
       236         12         40          0          0        128   sin_i.o
         0          0          0          0          0          0   entry.o
         0          0          0          0          0          0   entry10a.o
         0          0          0          0          0          0   entry11a.o
         8          4          0          0          0          0   entry2.o
         4          0          0          0          0          0   entry5.o
         0          0          0          0          0          0   entry7b.o
         0          0          0          0          0          0   entry8b.o
         8          4          0          0          0          0   entry9a.o
        12          6          0          4          0         68   errno.o
        30          0          0          0          0          0   handlers.o
        36          8          0          0          0         68   init.o
         0          0          0          0          0          0   iusefp.o
        30          0          0          0          0         68   llshl.o
        36          0          0          0          0         68   llsshr.o
        32          0          0          0          0         68   llushr.o
        40          2          0          0          0         68   cdrcmple.o
       334          0          0          0          0        148   dadd.o
       222          0          0          0          0        100   ddiv.o
       190          0          0          0          0        176   depilogue.o
        62          0          0          0          0         80   dfixi.o
        34          0          0          0          0         76   dflti.o
        26          0          0          0          0         76   dfltui.o
       228          0          0          0          0         96   dmul.o
        46          0          0          0          0         80   dscalb.o

    ----------------------------------------------------------------------
      3572        170        288          4          0       2176   Library Totals
         8          0          0          0          0          0   (incl. Padding)

    ----------------------------------------------------------------------

      Code (inc. data)   RO Data    RW Data    ZI Data      Debug   Library Name

      2186        146        288          0          0        936   m_ws.l
       196         22          0          4          0        340   mc_w.l
      1182          2          0          0          0        900   mf_w.l

    ----------------------------------------------------------------------
      3572        170        288          4          0       2176   Library Totals

    ----------------------------------------------------------------------

==============================================================================


      Code (inc. data)   RO Data    RW Data    ZI Data      Debug   

      9476       1162       2340         64       1040      27438   Grand Totals
      9476       1162       2340         64       1040      27438   ELF Image Totals
      9476       1162       2340         64          0          0   ROM Totals

==============================================================================

    Total RO  Size (Code + RO Data)                11816 (  11.54kB)
    Total RW  Size (RW Data + ZI Data)              1104 (   1.08kB)
    Total ROM Size (Code + RO Data + RW Data)      11880 (  11.60kB)

==============================================================================

