<html>
<body>
<pre>
<h1>µVision Build Log</h1>
<h2>Project:</h2>
C:\Users\kinan\Documents\7.0 Courses 2016 Fall\EE 445L\L3\ST7735.uvproj
Project File Date:  09/15/2016

<h2>Output:</h2>
Rebuild target 'ST7735'
assembling startup.s...
compiling PLL.c...
compiling ST7735.c...
compiling fixed.c...
compiling Speaker.c...
compiling Switch.c...
Time.h(8): warning:  #1-D: last line of file ends without a newline
  void UpdateCount(int32_t newval);
Switch.c(54): warning:  #1-D: last line of file ends without a newline
  }
Switch.c: 2 warnings, 0 errors
compiling main.c...
Graphics.h(13): warning:  #1-D: last line of file ends without a newline
  void DigitalSecond(int32_t s);
Time.h(8): warning:  #1-D: last line of file ends without a newline
  void UpdateCount(int32_t newval);
main.c(263): warning:  #177-D: variable "i" was declared but never referenced
  int main(void){uint32_t i;
main.c(270): warning:  #177-D: variable "rstate" was declared but never referenced
        int32_t rstate = 1;     // the last state the clock was in, may be used to return from time set and alarm set
main.c: 4 warnings, 0 errors
compiling Graphics.c...
Graphics.c(690): warning:  #177-D: variable "lx" was declared but never referenced
        int32_t lx;
Graphics.c(691): warning:  #177-D: variable "ly" was declared but never referenced
        int32_t ly;
Graphics.c(887): warning:  #1-D: last line of file ends without a newline
        
Graphics.c: 3 warnings, 0 errors
compiling Time.c...
Time.c(52): warning:  #550-D: variable "sr" was set but never used
  void SysTick_Init(uint32_t period){long sr;
Time.c: 1 warning, 0 errors
linking...
Program Size: Code=9824 RO-data=2344 RW-data=100 ZI-data=1028  
".\ST7735.axf" - 0 Error(s), 10 Warning(s).
Load "C:\\Users\\kinan\\Documents\\7.0 Courses 2016 Fall\\EE 445L\\L3\\ST7735.axf" 
Connecting: Mode=JTAG, Speed=1000000Hz
Erase Done.
Programming Done.
Verify OK.
